<html>
<body>
<pre>
<h1>礦ision Build Log</h1>
<h2>Tool Versions:</h2>
IDE-Version: μVision V5.12.0.0
Copyright (C) 2014 ARM Ltd and ARM Germany GmbH. All rights reserved.
License Information: jack wang, MiladuoSoft, LIC=65IVE-5XS90-014P1-CJ6X8-FL828-58CFA
 
Tool Versions:
Toolchain:       MDK-ARM Standard  Version: 5.12.0.0
Toolchain Path:  C:\Keil_v5\ARM\ARMCC\Bin
C Compiler:      Armcc.exe V5.05 (build 41)
Assembler:       Armasm.exe V5.05 (build 41)
Linker/Locator:  ArmLink.exe V5.05 (build 41)
Library Manager: ArmAr.exe V5.05 (build 41)
Hex Converter:   FromElf.exe V5.05 (build 41)
CPU DLL:         SARMCM3.DLL V5.12.0.0
Dialog DLL:      DARMCM1.DLL V1.11.00.0
    Target DLL: STLink\ST-LINKIII-KEIL_SWO.dll
Dialog DLL:      TARMCM1.DLL V1.08.00.0
 
<h2>Project:</h2>
Z:\sihan\stm\stm320f0c8_gateway\Project\WDQ_stm32_gateway.uvprojx
Project File Date:  06/04/2017

<h2>Output:</h2>
Rebuild target 'stm32f030c8_gateway'
compiling Drv.c...
compiling Func.c...
compiling main.c...
compiling stm32f0xx_it.c...
compiling system_stm32f0xx.c...
compiling CARD.c...
compiling DATABASE.c...
compiling DISP.c...
compiling FP.c...
compiling KEYBD.c...
compiling LOCK.c...
compiling MOTO.c...
compiling VOICE.c...
assembling startup_stm32f030.s...
compiling lora.c...
compiling stm32f0xx_adc.c...
compiling stm32f0xx_cec.c...
compiling stm32f0xx_comp.c...
compiling stm32f0xx_crc.c...
compiling stm32f0xx_dac.c...
compiling stm32f0xx_dbgmcu.c...
compiling stm32f0xx_dma.c...
compiling stm32f0xx_exti.c...
compiling stm32f0xx_flash.c...
compiling stm32f0xx_gpio.c...
compiling stm32f0xx_i2c.c...
compiling stm32f0xx_iwdg.c...
compiling stm32f0xx_misc.c...
compiling stm32f0xx_pwr.c...
compiling stm32f0xx_rcc.c...
compiling stm32f0xx_rtc.c...
compiling stm32f0xx_spi.c...
compiling stm32f0xx_syscfg.c...
compiling stm32f0xx_tim.c...
compiling stm32f0xx_usart.c...
compiling stm32f0xx_wwdg.c...
compiling rf.c...
compiling SX1276.c...
compiling SX1276_App.c...
compiling SX1276_Hal.c...
..\User\SX1276\SX1276_Hal.c(272): warning:  #177-D: variable "EXTI_InitStructure" was declared but never referenced
        EXTI_InitTypeDef EXTI_InitStructure; //外部中断定义
..\User\SX1276\SX1276_Hal.c(273): warning:  #177-D: variable "NVIC_InitStructure" was declared but never referenced
        NVIC_InitTypeDef NVIC_InitStructure; //嵌套中断定义
..\User\SX1276\SX1276_Hal.c(308): warning:  #177-D: variable "EXTI_InitStructure" was declared but never referenced
        EXTI_InitTypeDef EXTI_InitStructure; //外部中断定义
..\User\SX1276\SX1276_Hal.c(309): warning:  #177-D: variable "NVIC_InitStructure" was declared but never referenced
        NVIC_InitTypeDef NVIC_InitStructure; //嵌套中断定义
..\User\SX1276\SX1276_Hal.c: 4 warnings, 0 errors
linking...
Program Size: Code=25154 RO-data=366 RW-data=124 ZI-data=4668  
FromELF: creating hex file...
".\Objects\WDQ_stm32_gateway.axf" - 0 Error(s), 4 Warning(s).

<h2>Collection of Component include folders:</h2>
  Z:\sihan\stm\stm320f0c8_gateway\Project\RTE
  C:\Keil_v5\ARM\PACK\Keil\STM32F0xx_DFP\1.5.0

<h2>Collection of Component Files used:</h2>
