<!doctype html public "-//w3c//dtd html 4.0 transitional//en">
<html><head>
<title>Static Call Graph - [.\Objects\WDQ_stm32_gateway.axf]</title></head>
<body><HR>
<H1>Static Call Graph for image .\Objects\WDQ_stm32_gateway.axf</H1><HR>
<BR><P>#&#060CALLGRAPH&#062# ARM Linker, 5050041: Last Updated: Sun Jun 04 18:27:30 2017
<BR><P>
<H3>Maximum Stack Usage =        144 bytes + Unknown(Functions without stacksize, Cycles, Untraceable Function Pointers)</H3><H3>
Call chain for Maximum Stack Depth:</H3>
SysTick_Handler &rArr; PcdRequest &rArr; PcdComMF522 &rArr; ClearBitMask &rArr; ReadRawRC
<P>
<H3>
Functions with no stack information
</H3><UL>
 <LI><a href="#[14b]">__user_initial_stackheap</a>
</UL>
</UL>
<P>
<H3>
Mutually Recursive functions
</H3> <LI><a href="#[15]">ADC1_IRQHandler</a>&nbsp;&nbsp;&nbsp;&rArr;&nbsp;&nbsp;&nbsp;<a href="#[15]">ADC1_IRQHandler</a><BR>
</UL>
<P>
<H3>
Function Pointers
</H3><UL>
 <LI><a href="#[15]">ADC1_IRQHandler</a> from startup_stm32f030.o(.text) referenced from startup_stm32f030.o(RESET)
 <LI><a href="#[12]">DMA1_Channel1_IRQHandler</a> from startup_stm32f030.o(.text) referenced from startup_stm32f030.o(RESET)
 <LI><a href="#[13]">DMA1_Channel2_3_IRQHandler</a> from startup_stm32f030.o(.text) referenced from startup_stm32f030.o(RESET)
 <LI><a href="#[14]">DMA1_Channel4_5_IRQHandler</a> from startup_stm32f030.o(.text) referenced from startup_stm32f030.o(RESET)
 <LI><a href="#[f]">EXTI0_1_IRQHandler</a> from stm32f0xx_it.o(.text) referenced from startup_stm32f030.o(RESET)
 <LI><a href="#[10]">EXTI2_3_IRQHandler</a> from startup_stm32f030.o(.text) referenced from startup_stm32f030.o(RESET)
 <LI><a href="#[11]">EXTI4_15_IRQHandler</a> from stm32f0xx_it.o(.text) referenced from startup_stm32f030.o(RESET)
 <LI><a href="#[d]">FLASH_IRQHandler</a> from startup_stm32f030.o(.text) referenced from startup_stm32f030.o(RESET)
 <LI><a href="#[7]">HardFault_Handler</a> from stm32f0xx_it.o(.text) referenced from startup_stm32f030.o(RESET)
 <LI><a href="#[1d]">I2C1_IRQHandler</a> from startup_stm32f030.o(.text) referenced from startup_stm32f030.o(RESET)
 <LI><a href="#[1e]">I2C2_IRQHandler</a> from startup_stm32f030.o(.text) referenced from startup_stm32f030.o(RESET)
 <LI><a href="#[6]">NMI_Handler</a> from stm32f0xx_it.o(.text) referenced from startup_stm32f030.o(RESET)
 <LI><a href="#[9]">PendSV_Handler</a> from stm32f0xx_it.o(.text) referenced from startup_stm32f030.o(RESET)
 <LI><a href="#[e]">RCC_IRQHandler</a> from startup_stm32f030.o(.text) referenced from startup_stm32f030.o(RESET)
 <LI><a href="#[c]">RTC_IRQHandler</a> from startup_stm32f030.o(.text) referenced from startup_stm32f030.o(RESET)
 <LI><a href="#[5]">Reset_Handler</a> from startup_stm32f030.o(.text) referenced from startup_stm32f030.o(RESET)
 <LI><a href="#[1f]">SPI1_IRQHandler</a> from startup_stm32f030.o(.text) referenced from startup_stm32f030.o(RESET)
 <LI><a href="#[20]">SPI2_IRQHandler</a> from startup_stm32f030.o(.text) referenced from startup_stm32f030.o(RESET)
 <LI><a href="#[8]">SVC_Handler</a> from stm32f0xx_it.o(.text) referenced from startup_stm32f030.o(RESET)
 <LI><a href="#[a]">SysTick_Handler</a> from stm32f0xx_it.o(.text) referenced from startup_stm32f030.o(RESET)
 <LI><a href="#[23]">SystemInit</a> from system_stm32f0xx.o(.text) referenced from startup_stm32f030.o(.text)
 <LI><a href="#[19]">TIM14_IRQHandler</a> from startup_stm32f030.o(.text) referenced from startup_stm32f030.o(RESET)
 <LI><a href="#[1a]">TIM15_IRQHandler</a> from startup_stm32f030.o(.text) referenced from startup_stm32f030.o(RESET)
 <LI><a href="#[1b]">TIM16_IRQHandler</a> from startup_stm32f030.o(.text) referenced from startup_stm32f030.o(RESET)
 <LI><a href="#[1c]">TIM17_IRQHandler</a> from startup_stm32f030.o(.text) referenced from startup_stm32f030.o(RESET)
 <LI><a href="#[16]">TIM1_BRK_UP_TRG_COM_IRQHandler</a> from startup_stm32f030.o(.text) referenced from startup_stm32f030.o(RESET)
 <LI><a href="#[17]">TIM1_CC_IRQHandler</a> from startup_stm32f030.o(.text) referenced from startup_stm32f030.o(RESET)
 <LI><a href="#[18]">TIM3_IRQHandler</a> from stm32f0xx_it.o(.text) referenced from startup_stm32f030.o(RESET)
 <LI><a href="#[21]">USART1_IRQHandler</a> from stm32f0xx_it.o(.text) referenced from startup_stm32f030.o(RESET)
 <LI><a href="#[22]">USART2_IRQHandler</a> from startup_stm32f030.o(.text) referenced from startup_stm32f030.o(RESET)
 <LI><a href="#[b]">WWDG_IRQHandler</a> from startup_stm32f030.o(.text) referenced from startup_stm32f030.o(RESET)
 <LI><a href="#[25]">__main</a> from __main.o(!!!main) referenced from startup_stm32f030.o(.text)
</UL>
<P>
<H3>
Global Symbols
</H3>
<P><STRONG><a name="[25]"></a>__main</STRONG> (Thumb, 8 bytes, Stack size 0 bytes, __main.o(!!!main))
<BR><BR>[Calls]<UL><LI><a href="#[26]">&gt;&gt;</a>&nbsp;&nbsp;&nbsp;__scatterload
<LI><a href="#[27]">&gt;&gt;</a>&nbsp;&nbsp;&nbsp;__rt_entry
</UL>

<P><STRONG><a name="[26]"></a>__scatterload</STRONG> (Thumb, 0 bytes, Stack size unknown bytes, __scatter.o(!!!scatter))
<BR><BR>[Called By]<UL><LI><a href="#[25]">&gt;&gt;</a>&nbsp;&nbsp;&nbsp;__main
</UL>

<P><STRONG><a name="[28]"></a>__scatterload_rt2</STRONG> (Thumb, 52 bytes, Stack size unknown bytes, __scatter.o(!!!scatter), UNUSED)
<BR><BR>[Calls]<UL><LI><a href="#[27]">&gt;&gt;</a>&nbsp;&nbsp;&nbsp;__rt_entry
</UL>

<P><STRONG><a name="[14e]"></a>__scatterload_rt2_thumb_only</STRONG> (Thumb, 0 bytes, Stack size unknown bytes, __scatter.o(!!!scatter), UNUSED)

<P><STRONG><a name="[14f]"></a>__scatterload_null</STRONG> (Thumb, 0 bytes, Stack size unknown bytes, __scatter.o(!!!scatter), UNUSED)

<P><STRONG><a name="[29]"></a>__scatterload_copy</STRONG> (Thumb, 26 bytes, Stack size unknown bytes, __scatter_copy.o(!!handler_copy), UNUSED)
<BR><BR>[Calls]<UL><LI><a href="#[29]">&gt;&gt;</a>&nbsp;&nbsp;&nbsp;__scatterload_copy
</UL>
<BR>[Called By]<UL><LI><a href="#[29]">&gt;&gt;</a>&nbsp;&nbsp;&nbsp;__scatterload_copy
</UL>

<P><STRONG><a name="[150]"></a>__scatterload_zeroinit</STRONG> (Thumb, 28 bytes, Stack size unknown bytes, __scatter_zi.o(!!handler_zi), UNUSED)

<P><STRONG><a name="[2d]"></a>__rt_lib_init</STRONG> (Thumb, 0 bytes, Stack size unknown bytes, libinit.o(.ARM.Collect$$libinit$$00000000))
<BR><BR>[Called By]<UL><LI><a href="#[2c]">&gt;&gt;</a>&nbsp;&nbsp;&nbsp;__rt_entry_li
</UL>

<P><STRONG><a name="[151]"></a>__rt_lib_init_alloca_1</STRONG> (Thumb, 0 bytes, Stack size unknown bytes, libinit2.o(.ARM.Collect$$libinit$$0000002E))

<P><STRONG><a name="[152]"></a>__rt_lib_init_argv_1</STRONG> (Thumb, 0 bytes, Stack size unknown bytes, libinit2.o(.ARM.Collect$$libinit$$0000002C))

<P><STRONG><a name="[153]"></a>__rt_lib_init_atexit_1</STRONG> (Thumb, 0 bytes, Stack size unknown bytes, libinit2.o(.ARM.Collect$$libinit$$0000001B))

<P><STRONG><a name="[154]"></a>__rt_lib_init_clock_1</STRONG> (Thumb, 0 bytes, Stack size unknown bytes, libinit2.o(.ARM.Collect$$libinit$$00000021))

<P><STRONG><a name="[155]"></a>__rt_lib_init_cpp_1</STRONG> (Thumb, 0 bytes, Stack size unknown bytes, libinit2.o(.ARM.Collect$$libinit$$00000032))

<P><STRONG><a name="[156]"></a>__rt_lib_init_exceptions_1</STRONG> (Thumb, 0 bytes, Stack size unknown bytes, libinit2.o(.ARM.Collect$$libinit$$00000030))

<P><STRONG><a name="[157]"></a>__rt_lib_init_fp_1</STRONG> (Thumb, 0 bytes, Stack size unknown bytes, libinit2.o(.ARM.Collect$$libinit$$00000002))

<P><STRONG><a name="[158]"></a>__rt_lib_init_fp_trap_1</STRONG> (Thumb, 0 bytes, Stack size unknown bytes, libinit2.o(.ARM.Collect$$libinit$$0000001F))

<P><STRONG><a name="[159]"></a>__rt_lib_init_getenv_1</STRONG> (Thumb, 0 bytes, Stack size unknown bytes, libinit2.o(.ARM.Collect$$libinit$$00000023))

<P><STRONG><a name="[15a]"></a>__rt_lib_init_heap_1</STRONG> (Thumb, 0 bytes, Stack size unknown bytes, libinit2.o(.ARM.Collect$$libinit$$0000000A))

<P><STRONG><a name="[15b]"></a>__rt_lib_init_lc_collate_1</STRONG> (Thumb, 0 bytes, Stack size unknown bytes, libinit2.o(.ARM.Collect$$libinit$$00000011))

<P><STRONG><a name="[15c]"></a>__rt_lib_init_lc_ctype_1</STRONG> (Thumb, 0 bytes, Stack size unknown bytes, libinit2.o(.ARM.Collect$$libinit$$00000013))

<P><STRONG><a name="[15d]"></a>__rt_lib_init_lc_monetary_1</STRONG> (Thumb, 0 bytes, Stack size unknown bytes, libinit2.o(.ARM.Collect$$libinit$$00000015))

<P><STRONG><a name="[15e]"></a>__rt_lib_init_lc_numeric_1</STRONG> (Thumb, 0 bytes, Stack size unknown bytes, libinit2.o(.ARM.Collect$$libinit$$00000017))

<P><STRONG><a name="[15f]"></a>__rt_lib_init_lc_time_1</STRONG> (Thumb, 0 bytes, Stack size unknown bytes, libinit2.o(.ARM.Collect$$libinit$$00000019))

<P><STRONG><a name="[160]"></a>__rt_lib_init_preinit_1</STRONG> (Thumb, 0 bytes, Stack size unknown bytes, libinit2.o(.ARM.Collect$$libinit$$00000004))

<P><STRONG><a name="[161]"></a>__rt_lib_init_rand_1</STRONG> (Thumb, 0 bytes, Stack size unknown bytes, libinit2.o(.ARM.Collect$$libinit$$0000000E))

<P><STRONG><a name="[162]"></a>__rt_lib_init_return</STRONG> (Thumb, 0 bytes, Stack size unknown bytes, libinit2.o(.ARM.Collect$$libinit$$00000033))

<P><STRONG><a name="[163]"></a>__rt_lib_init_signal_1</STRONG> (Thumb, 0 bytes, Stack size unknown bytes, libinit2.o(.ARM.Collect$$libinit$$0000001D))

<P><STRONG><a name="[164]"></a>__rt_lib_init_stdio_1</STRONG> (Thumb, 0 bytes, Stack size unknown bytes, libinit2.o(.ARM.Collect$$libinit$$00000025))

<P><STRONG><a name="[165]"></a>__rt_lib_init_user_alloc_1</STRONG> (Thumb, 0 bytes, Stack size unknown bytes, libinit2.o(.ARM.Collect$$libinit$$0000000C))

<P><STRONG><a name="[32]"></a>__rt_lib_shutdown</STRONG> (Thumb, 0 bytes, Stack size unknown bytes, libshutdown.o(.ARM.Collect$$libshutdown$$00000000))
<BR><BR>[Called By]<UL><LI><a href="#[31]">&gt;&gt;</a>&nbsp;&nbsp;&nbsp;__rt_exit_ls
</UL>

<P><STRONG><a name="[166]"></a>__rt_lib_shutdown_fp_trap_1</STRONG> (Thumb, 0 bytes, Stack size unknown bytes, libshutdown2.o(.ARM.Collect$$libshutdown$$00000006))

<P><STRONG><a name="[167]"></a>__rt_lib_shutdown_heap_1</STRONG> (Thumb, 0 bytes, Stack size unknown bytes, libshutdown2.o(.ARM.Collect$$libshutdown$$0000000E))

<P><STRONG><a name="[168]"></a>__rt_lib_shutdown_return</STRONG> (Thumb, 0 bytes, Stack size unknown bytes, libshutdown2.o(.ARM.Collect$$libshutdown$$0000000F))

<P><STRONG><a name="[169]"></a>__rt_lib_shutdown_signal_1</STRONG> (Thumb, 0 bytes, Stack size unknown bytes, libshutdown2.o(.ARM.Collect$$libshutdown$$00000009))

<P><STRONG><a name="[16a]"></a>__rt_lib_shutdown_stdio_1</STRONG> (Thumb, 0 bytes, Stack size unknown bytes, libshutdown2.o(.ARM.Collect$$libshutdown$$00000003))

<P><STRONG><a name="[16b]"></a>__rt_lib_shutdown_user_alloc_1</STRONG> (Thumb, 0 bytes, Stack size unknown bytes, libshutdown2.o(.ARM.Collect$$libshutdown$$0000000B))

<P><STRONG><a name="[27]"></a>__rt_entry</STRONG> (Thumb, 0 bytes, Stack size unknown bytes, __rtentry.o(.ARM.Collect$$rtentry$$00000000))
<BR><BR>[Called By]<UL><LI><a href="#[28]">&gt;&gt;</a>&nbsp;&nbsp;&nbsp;__scatterload_rt2
<LI><a href="#[25]">&gt;&gt;</a>&nbsp;&nbsp;&nbsp;__main
</UL>

<P><STRONG><a name="[16c]"></a>__rt_entry_presh_1</STRONG> (Thumb, 0 bytes, Stack size unknown bytes, __rtentry2.o(.ARM.Collect$$rtentry$$00000002))

<P><STRONG><a name="[2a]"></a>__rt_entry_sh</STRONG> (Thumb, 0 bytes, Stack size unknown bytes, __rtentry4.o(.ARM.Collect$$rtentry$$00000004))
<BR><BR>[Stack]<UL><LI>Max Depth = 8 + Unknown Stack Size
<LI>Call Chain = __rt_entry_sh &rArr; __user_setup_stackheap
</UL>
<BR>[Calls]<UL><LI><a href="#[2b]">&gt;&gt;</a>&nbsp;&nbsp;&nbsp;__user_setup_stackheap
</UL>

<P><STRONG><a name="[2c]"></a>__rt_entry_li</STRONG> (Thumb, 0 bytes, Stack size unknown bytes, __rtentry2.o(.ARM.Collect$$rtentry$$0000000A))
<BR><BR>[Calls]<UL><LI><a href="#[2d]">&gt;&gt;</a>&nbsp;&nbsp;&nbsp;__rt_lib_init
</UL>

<P><STRONG><a name="[16d]"></a>__rt_entry_postsh_1</STRONG> (Thumb, 0 bytes, Stack size unknown bytes, __rtentry2.o(.ARM.Collect$$rtentry$$00000009))

<P><STRONG><a name="[2e]"></a>__rt_entry_main</STRONG> (Thumb, 0 bytes, Stack size unknown bytes, __rtentry2.o(.ARM.Collect$$rtentry$$0000000D))
<BR><BR>[Stack]<UL><LI>Max Depth = 144 + Unknown Stack Size
<LI>Call Chain = __rt_entry_main &rArr; main &rArr; LOCK_INIT &rArr; SYS_INIT &rArr; USART_INIT &rArr; USART_Init &rArr; RCC_GetClocksFreq
</UL>
<BR>[Calls]<UL><LI><a href="#[2f]">&gt;&gt;</a>&nbsp;&nbsp;&nbsp;main
<LI><a href="#[30]">&gt;&gt;</a>&nbsp;&nbsp;&nbsp;exit
</UL>

<P><STRONG><a name="[16e]"></a>__rt_entry_postli_1</STRONG> (Thumb, 0 bytes, Stack size unknown bytes, __rtentry2.o(.ARM.Collect$$rtentry$$0000000C))

<P><STRONG><a name="[14d]"></a>__rt_exit</STRONG> (Thumb, 0 bytes, Stack size unknown bytes, rtexit.o(.ARM.Collect$$rtexit$$00000000))
<BR><BR>[Called By]<UL><LI><a href="#[30]">&gt;&gt;</a>&nbsp;&nbsp;&nbsp;exit
</UL>

<P><STRONG><a name="[31]"></a>__rt_exit_ls</STRONG> (Thumb, 0 bytes, Stack size unknown bytes, rtexit2.o(.ARM.Collect$$rtexit$$00000003))
<BR><BR>[Calls]<UL><LI><a href="#[32]">&gt;&gt;</a>&nbsp;&nbsp;&nbsp;__rt_lib_shutdown
</UL>

<P><STRONG><a name="[16f]"></a>__rt_exit_prels_1</STRONG> (Thumb, 0 bytes, Stack size unknown bytes, rtexit2.o(.ARM.Collect$$rtexit$$00000002))

<P><STRONG><a name="[33]"></a>__rt_exit_exit</STRONG> (Thumb, 0 bytes, Stack size unknown bytes, rtexit2.o(.ARM.Collect$$rtexit$$00000004))
<BR><BR>[Calls]<UL><LI><a href="#[34]">&gt;&gt;</a>&nbsp;&nbsp;&nbsp;_sys_exit
</UL>

<P><STRONG><a name="[124]"></a>__aeabi_memcpy4</STRONG> (Thumb, 56 bytes, Stack size 0 bytes, rt_memcpy.o(.emb_text))
<BR><BR>[Called By]<UL><LI><a href="#[5a]">&gt;&gt;</a>&nbsp;&nbsp;&nbsp;Lora_Sendtest
<LI><a href="#[9a]">&gt;&gt;</a>&nbsp;&nbsp;&nbsp;__aeabi_memcpy
</UL>

<P><STRONG><a name="[170]"></a>__aeabi_memcpy8</STRONG> (Thumb, 0 bytes, Stack size 0 bytes, rt_memcpy.o(.emb_text), UNUSED)

<P><STRONG><a name="[35]"></a>GPIO_INIT</STRONG> (Thumb, 44 bytes, Stack size 16 bytes, drv.o(.text), UNUSED)
<BR><BR>[Calls]<UL><LI><a href="#[36]">&gt;&gt;</a>&nbsp;&nbsp;&nbsp;RCC_AHBPeriphClockCmd
<LI><a href="#[37]">&gt;&gt;</a>&nbsp;&nbsp;&nbsp;GPIO_Init
</UL>

<P><STRONG><a name="[38]"></a>TIM3_INIT</STRONG> (Thumb, 54 bytes, Stack size 24 bytes, drv.o(.text), UNUSED)
<BR><BR>[Calls]<UL><LI><a href="#[3a]">&gt;&gt;</a>&nbsp;&nbsp;&nbsp;TIM_TimeBaseInit
<LI><a href="#[3b]">&gt;&gt;</a>&nbsp;&nbsp;&nbsp;TIM_ITConfig
<LI><a href="#[3c]">&gt;&gt;</a>&nbsp;&nbsp;&nbsp;TIM_Cmd
<LI><a href="#[39]">&gt;&gt;</a>&nbsp;&nbsp;&nbsp;RCC_APB1PeriphClockCmd
</UL>

<P><STRONG><a name="[3d]"></a>USART_INIT</STRONG> (Thumb, 144 bytes, Stack size 40 bytes, drv.o(.text))
<BR><BR>[Stack]<UL><LI>Max Depth = 128<LI>Call Chain = USART_INIT &rArr; USART_Init &rArr; RCC_GetClocksFreq
</UL>
<BR>[Calls]<UL><LI><a href="#[41]">&gt;&gt;</a>&nbsp;&nbsp;&nbsp;USART_Init
<LI><a href="#[43]">&gt;&gt;</a>&nbsp;&nbsp;&nbsp;USART_ITConfig
<LI><a href="#[42]">&gt;&gt;</a>&nbsp;&nbsp;&nbsp;USART_Cmd
<LI><a href="#[3f]">&gt;&gt;</a>&nbsp;&nbsp;&nbsp;RCC_APB2PeriphClockCmd
<LI><a href="#[36]">&gt;&gt;</a>&nbsp;&nbsp;&nbsp;RCC_AHBPeriphClockCmd
<LI><a href="#[3e]">&gt;&gt;</a>&nbsp;&nbsp;&nbsp;NVIC_Init
<LI><a href="#[40]">&gt;&gt;</a>&nbsp;&nbsp;&nbsp;GPIO_PinAFConfig
<LI><a href="#[37]">&gt;&gt;</a>&nbsp;&nbsp;&nbsp;GPIO_Init
</UL>
<BR>[Called By]<UL><LI><a href="#[48]">&gt;&gt;</a>&nbsp;&nbsp;&nbsp;SYS_INIT
</UL>

<P><STRONG><a name="[44]"></a>USART_lp_INIT</STRONG> (Thumb, 12 bytes, Stack size 8 bytes, drv.o(.text), UNUSED)
<BR><BR>[Calls]<UL><LI><a href="#[42]">&gt;&gt;</a>&nbsp;&nbsp;&nbsp;USART_Cmd
</UL>

<P><STRONG><a name="[45]"></a>SYSTICK_INIT</STRONG> (Thumb, 52 bytes, Stack size 8 bytes, drv.o(.text))
<BR><BR>[Stack]<UL><LI>Max Depth = 16<LI>Call Chain = SYSTICK_INIT &rArr; NVIC_SetPriority
</UL>
<BR>[Calls]<UL><LI><a href="#[47]">&gt;&gt;</a>&nbsp;&nbsp;&nbsp;NVIC_SetPriority
<LI><a href="#[46]">&gt;&gt;</a>&nbsp;&nbsp;&nbsp;__aeabi_uidivmod
</UL>
<BR>[Called By]<UL><LI><a href="#[48]">&gt;&gt;</a>&nbsp;&nbsp;&nbsp;SYS_INIT
</UL>

<P><STRONG><a name="[48]"></a>SYS_INIT</STRONG> (Thumb, 16 bytes, Stack size 8 bytes, drv.o(.text))
<BR><BR>[Stack]<UL><LI>Max Depth = 136<LI>Call Chain = SYS_INIT &rArr; USART_INIT &rArr; USART_Init &rArr; RCC_GetClocksFreq
</UL>
<BR>[Calls]<UL><LI><a href="#[23]">&gt;&gt;</a>&nbsp;&nbsp;&nbsp;SystemInit
<LI><a href="#[45]">&gt;&gt;</a>&nbsp;&nbsp;&nbsp;SYSTICK_INIT
<LI><a href="#[3d]">&gt;&gt;</a>&nbsp;&nbsp;&nbsp;USART_INIT
</UL>
<BR>[Called By]<UL><LI><a href="#[50]">&gt;&gt;</a>&nbsp;&nbsp;&nbsp;LOCK_INIT
</UL>

<P><STRONG><a name="[4a]"></a>uart_putc</STRONG> (Thumb, 22 bytes, Stack size 0 bytes, drv.o(.text), UNUSED)
<BR><BR>[Called By]<UL><LI><a href="#[4b]">&gt;&gt;</a>&nbsp;&nbsp;&nbsp;uart_send
<LI><a href="#[49]">&gt;&gt;</a>&nbsp;&nbsp;&nbsp;uart_puts
</UL>

<P><STRONG><a name="[49]"></a>uart_puts</STRONG> (Thumb, 22 bytes, Stack size 4 bytes, drv.o(.text), UNUSED)
<BR><BR>[Calls]<UL><LI><a href="#[4a]">&gt;&gt;</a>&nbsp;&nbsp;&nbsp;uart_putc
</UL>

<P><STRONG><a name="[4b]"></a>uart_send</STRONG> (Thumb, 34 bytes, Stack size 16 bytes, drv.o(.text), UNUSED)
<BR><BR>[Calls]<UL><LI><a href="#[4a]">&gt;&gt;</a>&nbsp;&nbsp;&nbsp;uart_putc
</UL>
<BR>[Called By]<UL><LI><a href="#[ae]">&gt;&gt;</a>&nbsp;&nbsp;&nbsp;FP_SendCmd_Empty
<LI><a href="#[ad]">&gt;&gt;</a>&nbsp;&nbsp;&nbsp;FP_SendCmd_DeleteChar
<LI><a href="#[ac]">&gt;&gt;</a>&nbsp;&nbsp;&nbsp;FP_SendCmd_AutoEnroll
<LI><a href="#[aa]">&gt;&gt;</a>&nbsp;&nbsp;&nbsp;FP_SendCmd_AutoIdentify
</UL>

<P><STRONG><a name="[171]"></a>SYS_RST</STRONG> (Thumb, 2 bytes, Stack size 0 bytes, drv.o(.text), UNUSED)

<P><STRONG><a name="[4c]"></a>Init_GPIO_LP</STRONG> (Thumb, 8 bytes, Stack size 8 bytes, drv.o(.text), UNUSED)
<BR><BR>[Calls]<UL><LI><a href="#[4d]">&gt;&gt;</a>&nbsp;&nbsp;&nbsp;KEYBD_lp_INIT
</UL>
<BR>[Called By]<UL><LI><a href="#[4e]">&gt;&gt;</a>&nbsp;&nbsp;&nbsp;MCU_SLEEP
</UL>

<P><STRONG><a name="[4e]"></a>MCU_SLEEP</STRONG> (Thumb, 46 bytes, Stack size 8 bytes, drv.o(.text), UNUSED)
<BR><BR>[Calls]<UL><LI><a href="#[39]">&gt;&gt;</a>&nbsp;&nbsp;&nbsp;RCC_APB1PeriphClockCmd
<LI><a href="#[4f]">&gt;&gt;</a>&nbsp;&nbsp;&nbsp;PWR_EnterSTOPMode
<LI><a href="#[50]">&gt;&gt;</a>&nbsp;&nbsp;&nbsp;LOCK_INIT
<LI><a href="#[4c]">&gt;&gt;</a>&nbsp;&nbsp;&nbsp;Init_GPIO_LP
</UL>

<P><STRONG><a name="[51]"></a>SPIx_Init</STRONG> (Thumb, 132 bytes, Stack size 32 bytes, drv.o(.text))
<BR><BR>[Stack]<UL><LI>Max Depth = 52<LI>Call Chain = SPIx_Init &rArr; GPIO_PinAFConfig
</UL>
<BR>[Calls]<UL><LI><a href="#[52]">&gt;&gt;</a>&nbsp;&nbsp;&nbsp;SPI_Init
<LI><a href="#[53]">&gt;&gt;</a>&nbsp;&nbsp;&nbsp;SPI_Cmd
<LI><a href="#[39]">&gt;&gt;</a>&nbsp;&nbsp;&nbsp;RCC_APB1PeriphClockCmd
<LI><a href="#[36]">&gt;&gt;</a>&nbsp;&nbsp;&nbsp;RCC_AHBPeriphClockCmd
<LI><a href="#[40]">&gt;&gt;</a>&nbsp;&nbsp;&nbsp;GPIO_PinAFConfig
<LI><a href="#[37]">&gt;&gt;</a>&nbsp;&nbsp;&nbsp;GPIO_Init
</UL>
<BR>[Called By]<UL><LI><a href="#[2f]">&gt;&gt;</a>&nbsp;&nbsp;&nbsp;main
</UL>

<P><STRONG><a name="[68]"></a>delay_us</STRONG> (Thumb, 26 bytes, Stack size 0 bytes, func.o(.text))
<BR><BR>[Called By]<UL><LI><a href="#[f2]">&gt;&gt;</a>&nbsp;&nbsp;&nbsp;VOICE_IIC_WRITE
<LI><a href="#[6d]">&gt;&gt;</a>&nbsp;&nbsp;&nbsp;ReadRawRC
<LI><a href="#[6c]">&gt;&gt;</a>&nbsp;&nbsp;&nbsp;WriteRawRC
<LI><a href="#[11]">&gt;&gt;</a>&nbsp;&nbsp;&nbsp;EXTI4_15_IRQHandler
<LI><a href="#[12b]">&gt;&gt;</a>&nbsp;&nbsp;&nbsp;SX1276WriteBuffer
<LI><a href="#[145]">&gt;&gt;</a>&nbsp;&nbsp;&nbsp;SX1276ReadBuffer
</UL>

<P><STRONG><a name="[55]"></a>delay_ms</STRONG> (Thumb, 28 bytes, Stack size 0 bytes, func.o(.text))
<BR><BR>[Called By]<UL><LI><a href="#[f5]">&gt;&gt;</a>&nbsp;&nbsp;&nbsp;VOICE_test
<LI><a href="#[f2]">&gt;&gt;</a>&nbsp;&nbsp;&nbsp;VOICE_IIC_WRITE
<LI><a href="#[dd]">&gt;&gt;</a>&nbsp;&nbsp;&nbsp;LOCK_ADMIN_SET
<LI><a href="#[da]">&gt;&gt;</a>&nbsp;&nbsp;&nbsp;KEYBD_MAIN
<LI><a href="#[cd]">&gt;&gt;</a>&nbsp;&nbsp;&nbsp;TSM12_Init
<LI><a href="#[8c]">&gt;&gt;</a>&nbsp;&nbsp;&nbsp;MOTO_Forward
<LI><a href="#[81]">&gt;&gt;</a>&nbsp;&nbsp;&nbsp;RC522_Config
<LI><a href="#[7b]">&gt;&gt;</a>&nbsp;&nbsp;&nbsp;PcdReset
<LI><a href="#[5c]">&gt;&gt;</a>&nbsp;&nbsp;&nbsp;MOTO_Back
<LI><a href="#[11]">&gt;&gt;</a>&nbsp;&nbsp;&nbsp;EXTI4_15_IRQHandler
<LI><a href="#[56]">&gt;&gt;</a>&nbsp;&nbsp;&nbsp;statedelay
<LI><a href="#[54]">&gt;&gt;</a>&nbsp;&nbsp;&nbsp;commdelay
<LI><a href="#[128]">&gt;&gt;</a>&nbsp;&nbsp;&nbsp;SX1276Reset
<LI><a href="#[122]">&gt;&gt;</a>&nbsp;&nbsp;&nbsp;RF_Send
</UL>

<P><STRONG><a name="[54]"></a>commdelay</STRONG> (Thumb, 96 bytes, Stack size 20 bytes, func.o(.text), UNUSED)
<BR><BR>[Calls]<UL><LI><a href="#[55]">&gt;&gt;</a>&nbsp;&nbsp;&nbsp;delay_ms
</UL>
<BR>[Called By]<UL><LI><a href="#[af]">&gt;&gt;</a>&nbsp;&nbsp;&nbsp;FP_RcvDeal
<LI><a href="#[a9]">&gt;&gt;</a>&nbsp;&nbsp;&nbsp;FP_POWER_ON
</UL>

<P><STRONG><a name="[56]"></a>statedelay</STRONG> (Thumb, 90 bytes, Stack size 36 bytes, func.o(.text), UNUSED)
<BR><BR>[Calls]<UL><LI><a href="#[55]">&gt;&gt;</a>&nbsp;&nbsp;&nbsp;delay_ms
</UL>
<BR>[Called By]<UL><LI><a href="#[d4]">&gt;&gt;</a>&nbsp;&nbsp;&nbsp;USER_GETPASSWORD
</UL>

<P><STRONG><a name="[ab]"></a>countsum</STRONG> (Thumb, 28 bytes, Stack size 8 bytes, func.o(.text), UNUSED)
<BR><BR>[Called By]<UL><LI><a href="#[ae]">&gt;&gt;</a>&nbsp;&nbsp;&nbsp;FP_SendCmd_Empty
<LI><a href="#[ad]">&gt;&gt;</a>&nbsp;&nbsp;&nbsp;FP_SendCmd_DeleteChar
<LI><a href="#[ac]">&gt;&gt;</a>&nbsp;&nbsp;&nbsp;FP_SendCmd_AutoEnroll
<LI><a href="#[aa]">&gt;&gt;</a>&nbsp;&nbsp;&nbsp;FP_SendCmd_AutoIdentify
</UL>

<P><STRONG><a name="[172]"></a>Get_CRC</STRONG> (Thumb, 54 bytes, Stack size 12 bytes, func.o(.text), UNUSED)

<P><STRONG><a name="[2f]"></a>main</STRONG> (Thumb, 34 bytes, Stack size 0 bytes, main.o(.text))
<BR><BR>[Stack]<UL><LI>Max Depth = 144<LI>Call Chain = main &rArr; LOCK_INIT &rArr; SYS_INIT &rArr; USART_INIT &rArr; USART_Init &rArr; RCC_GetClocksFreq
</UL>
<BR>[Calls]<UL><LI><a href="#[57]">&gt;&gt;</a>&nbsp;&nbsp;&nbsp;led_init
<LI><a href="#[58]">&gt;&gt;</a>&nbsp;&nbsp;&nbsp;SX1276InitIo
<LI><a href="#[5a]">&gt;&gt;</a>&nbsp;&nbsp;&nbsp;Lora_Sendtest
<LI><a href="#[59]">&gt;&gt;</a>&nbsp;&nbsp;&nbsp;Init_RF
<LI><a href="#[50]">&gt;&gt;</a>&nbsp;&nbsp;&nbsp;LOCK_INIT
<LI><a href="#[51]">&gt;&gt;</a>&nbsp;&nbsp;&nbsp;SPIx_Init
</UL>
<BR>[Called By]<UL><LI><a href="#[2e]">&gt;&gt;</a>&nbsp;&nbsp;&nbsp;__rt_entry_main
</UL>

<P><STRONG><a name="[6]"></a>NMI_Handler</STRONG> (Thumb, 2 bytes, Stack size 0 bytes, stm32f0xx_it.o(.text))
<BR>[Address Reference Count : 1]<UL><LI> startup_stm32f030.o(RESET)
</UL>
<P><STRONG><a name="[7]"></a>HardFault_Handler</STRONG> (Thumb, 4 bytes, Stack size 0 bytes, stm32f0xx_it.o(.text))
<BR>[Address Reference Count : 1]<UL><LI> startup_stm32f030.o(RESET)
</UL>
<P><STRONG><a name="[8]"></a>SVC_Handler</STRONG> (Thumb, 2 bytes, Stack size 0 bytes, stm32f0xx_it.o(.text))
<BR>[Address Reference Count : 1]<UL><LI> startup_stm32f030.o(RESET)
</UL>
<P><STRONG><a name="[9]"></a>PendSV_Handler</STRONG> (Thumb, 2 bytes, Stack size 0 bytes, stm32f0xx_it.o(.text))
<BR>[Address Reference Count : 1]<UL><LI> startup_stm32f030.o(RESET)
</UL>
<P><STRONG><a name="[a]"></a>SysTick_Handler</STRONG> (Thumb, 244 bytes, Stack size 8 bytes, stm32f0xx_it.o(.text))
<BR><BR>[Stack]<UL><LI>Max Depth = 144<LI>Call Chain = SysTick_Handler &rArr; PcdRequest &rArr; PcdComMF522 &rArr; ClearBitMask &rArr; ReadRawRC
</UL>
<BR>[Calls]<UL><LI><a href="#[5b]">&gt;&gt;</a>&nbsp;&nbsp;&nbsp;PcdRequest
<LI><a href="#[5c]">&gt;&gt;</a>&nbsp;&nbsp;&nbsp;MOTO_Back
</UL>
<BR>[Address Reference Count : 1]<UL><LI> startup_stm32f030.o(RESET)
</UL>
<P><STRONG><a name="[21]"></a>USART1_IRQHandler</STRONG> (Thumb, 96 bytes, Stack size 8 bytes, stm32f0xx_it.o(.text))
<BR><BR>[Stack]<UL><LI>Max Depth = 24<LI>Call Chain = USART1_IRQHandler &rArr; USART_GetITStatus
</UL>
<BR>[Calls]<UL><LI><a href="#[5e]">&gt;&gt;</a>&nbsp;&nbsp;&nbsp;USART_ReceiveData
<LI><a href="#[5d]">&gt;&gt;</a>&nbsp;&nbsp;&nbsp;USART_GetITStatus
</UL>
<BR>[Address Reference Count : 1]<UL><LI> startup_stm32f030.o(RESET)
</UL>
<P><STRONG><a name="[18]"></a>TIM3_IRQHandler</STRONG> (Thumb, 24 bytes, Stack size 8 bytes, stm32f0xx_it.o(.text))
<BR><BR>[Stack]<UL><LI>Max Depth = 20<LI>Call Chain = TIM3_IRQHandler &rArr; TIM_GetITStatus
</UL>
<BR>[Calls]<UL><LI><a href="#[5f]">&gt;&gt;</a>&nbsp;&nbsp;&nbsp;TIM_GetITStatus
<LI><a href="#[60]">&gt;&gt;</a>&nbsp;&nbsp;&nbsp;TIM_ClearITPendingBit
</UL>
<BR>[Address Reference Count : 1]<UL><LI> startup_stm32f030.o(RESET)
</UL>
<P><STRONG><a name="[f]"></a>EXTI0_1_IRQHandler</STRONG> (Thumb, 2 bytes, Stack size 0 bytes, stm32f0xx_it.o(.text))
<BR>[Address Reference Count : 1]<UL><LI> startup_stm32f030.o(RESET)
</UL>
<P><STRONG><a name="[11]"></a>EXTI4_15_IRQHandler</STRONG> (Thumb, 180 bytes, Stack size 8 bytes, stm32f0xx_it.o(.text))
<BR><BR>[Stack]<UL><LI>Max Depth = 88<LI>Call Chain = EXTI4_15_IRQHandler &rArr; RF_SendPacket &rArr; SX1276_TxPacket &rArr; SX1276Write &rArr; SX1276WriteBuffer &rArr; SPI_SendData
</UL>
<BR>[Calls]<UL><LI><a href="#[66]">&gt;&gt;</a>&nbsp;&nbsp;&nbsp;RF_WORInit
<LI><a href="#[67]">&gt;&gt;</a>&nbsp;&nbsp;&nbsp;RF_Sleepmode
<LI><a href="#[64]">&gt;&gt;</a>&nbsp;&nbsp;&nbsp;RF_SendPacket
<LI><a href="#[62]">&gt;&gt;</a>&nbsp;&nbsp;&nbsp;RF_RxFixiPacket
<LI><a href="#[65]">&gt;&gt;</a>&nbsp;&nbsp;&nbsp;RF_RXmode
<LI><a href="#[61]">&gt;&gt;</a>&nbsp;&nbsp;&nbsp;EXTI_GetITStatus
<LI><a href="#[69]">&gt;&gt;</a>&nbsp;&nbsp;&nbsp;EXTI_ClearFlag
<LI><a href="#[55]">&gt;&gt;</a>&nbsp;&nbsp;&nbsp;delay_ms
<LI><a href="#[68]">&gt;&gt;</a>&nbsp;&nbsp;&nbsp;delay_us
<LI><a href="#[63]">&gt;&gt;</a>&nbsp;&nbsp;&nbsp;__aeabi_memset
</UL>
<BR>[Address Reference Count : 1]<UL><LI> startup_stm32f030.o(RESET)
</UL>
<P><STRONG><a name="[23]"></a>SystemInit</STRONG> (Thumb, 110 bytes, Stack size 8 bytes, system_stm32f0xx.o(.text))
<BR><BR>[Stack]<UL><LI>Max Depth = 8<LI>Call Chain = SystemInit
</UL>
<BR>[Calls]<UL><LI><a href="#[6a]">&gt;&gt;</a>&nbsp;&nbsp;&nbsp;SetSysClock
</UL>
<BR>[Called By]<UL><LI><a href="#[48]">&gt;&gt;</a>&nbsp;&nbsp;&nbsp;SYS_INIT
</UL>
<BR>[Address Reference Count : 1]<UL><LI> startup_stm32f030.o(.text)
</UL>
<P><STRONG><a name="[6b]"></a>SystemCoreClockUpdate</STRONG> (Thumb, 154 bytes, Stack size 24 bytes, system_stm32f0xx.o(.text), UNUSED)
<BR><BR>[Calls]<UL><LI><a href="#[46]">&gt;&gt;</a>&nbsp;&nbsp;&nbsp;__aeabi_uidivmod
</UL>

<P><STRONG><a name="[6c]"></a>WriteRawRC</STRONG> (Thumb, 188 bytes, Stack size 24 bytes, card.o(.text))
<BR><BR>[Stack]<UL><LI>Max Depth = 24<LI>Call Chain = WriteRawRC
</UL>
<BR>[Calls]<UL><LI><a href="#[68]">&gt;&gt;</a>&nbsp;&nbsp;&nbsp;delay_us
</UL>
<BR>[Called By]<UL><LI><a href="#[81]">&gt;&gt;</a>&nbsp;&nbsp;&nbsp;RC522_Config
<LI><a href="#[7b]">&gt;&gt;</a>&nbsp;&nbsp;&nbsp;PcdReset
<LI><a href="#[73]">&gt;&gt;</a>&nbsp;&nbsp;&nbsp;CalulateCRC
<LI><a href="#[72]">&gt;&gt;</a>&nbsp;&nbsp;&nbsp;PcdAnticoll
<LI><a href="#[71]">&gt;&gt;</a>&nbsp;&nbsp;&nbsp;PcdComMF522
<LI><a href="#[70]">&gt;&gt;</a>&nbsp;&nbsp;&nbsp;ClearBitMask
<LI><a href="#[6f]">&gt;&gt;</a>&nbsp;&nbsp;&nbsp;SetBitMask
<LI><a href="#[5b]">&gt;&gt;</a>&nbsp;&nbsp;&nbsp;PcdRequest
</UL>

<P><STRONG><a name="[6d]"></a>ReadRawRC</STRONG> (Thumb, 182 bytes, Stack size 24 bytes, card.o(.text))
<BR><BR>[Stack]<UL><LI>Max Depth = 24<LI>Call Chain = ReadRawRC
</UL>
<BR>[Calls]<UL><LI><a href="#[6e]">&gt;&gt;</a>&nbsp;&nbsp;&nbsp;GPIO_ReadInputDataBit
<LI><a href="#[68]">&gt;&gt;</a>&nbsp;&nbsp;&nbsp;delay_us
</UL>
<BR>[Called By]<UL><LI><a href="#[82]">&gt;&gt;</a>&nbsp;&nbsp;&nbsp;CARD_INIT
<LI><a href="#[7c]">&gt;&gt;</a>&nbsp;&nbsp;&nbsp;PcdAntennaOn
<LI><a href="#[75]">&gt;&gt;</a>&nbsp;&nbsp;&nbsp;PcdAuthState
<LI><a href="#[73]">&gt;&gt;</a>&nbsp;&nbsp;&nbsp;CalulateCRC
<LI><a href="#[71]">&gt;&gt;</a>&nbsp;&nbsp;&nbsp;PcdComMF522
<LI><a href="#[70]">&gt;&gt;</a>&nbsp;&nbsp;&nbsp;ClearBitMask
<LI><a href="#[6f]">&gt;&gt;</a>&nbsp;&nbsp;&nbsp;SetBitMask
</UL>

<P><STRONG><a name="[6f]"></a>SetBitMask</STRONG> (Thumb, 30 bytes, Stack size 16 bytes, card.o(.text))
<BR><BR>[Stack]<UL><LI>Max Depth = 40<LI>Call Chain = SetBitMask &rArr; ReadRawRC
</UL>
<BR>[Calls]<UL><LI><a href="#[6d]">&gt;&gt;</a>&nbsp;&nbsp;&nbsp;ReadRawRC
<LI><a href="#[6c]">&gt;&gt;</a>&nbsp;&nbsp;&nbsp;WriteRawRC
</UL>
<BR>[Called By]<UL><LI><a href="#[7c]">&gt;&gt;</a>&nbsp;&nbsp;&nbsp;PcdAntennaOn
<LI><a href="#[73]">&gt;&gt;</a>&nbsp;&nbsp;&nbsp;CalulateCRC
<LI><a href="#[72]">&gt;&gt;</a>&nbsp;&nbsp;&nbsp;PcdAnticoll
<LI><a href="#[71]">&gt;&gt;</a>&nbsp;&nbsp;&nbsp;PcdComMF522
<LI><a href="#[5b]">&gt;&gt;</a>&nbsp;&nbsp;&nbsp;PcdRequest
</UL>

<P><STRONG><a name="[70]"></a>ClearBitMask</STRONG> (Thumb, 30 bytes, Stack size 16 bytes, card.o(.text))
<BR><BR>[Stack]<UL><LI>Max Depth = 40<LI>Call Chain = ClearBitMask &rArr; ReadRawRC
</UL>
<BR>[Calls]<UL><LI><a href="#[6d]">&gt;&gt;</a>&nbsp;&nbsp;&nbsp;ReadRawRC
<LI><a href="#[6c]">&gt;&gt;</a>&nbsp;&nbsp;&nbsp;WriteRawRC
</UL>
<BR>[Called By]<UL><LI><a href="#[81]">&gt;&gt;</a>&nbsp;&nbsp;&nbsp;RC522_Config
<LI><a href="#[7d]">&gt;&gt;</a>&nbsp;&nbsp;&nbsp;PcdAntennaOff
<LI><a href="#[7b]">&gt;&gt;</a>&nbsp;&nbsp;&nbsp;PcdReset
<LI><a href="#[74]">&gt;&gt;</a>&nbsp;&nbsp;&nbsp;PcdSelect
<LI><a href="#[73]">&gt;&gt;</a>&nbsp;&nbsp;&nbsp;CalulateCRC
<LI><a href="#[72]">&gt;&gt;</a>&nbsp;&nbsp;&nbsp;PcdAnticoll
<LI><a href="#[71]">&gt;&gt;</a>&nbsp;&nbsp;&nbsp;PcdComMF522
<LI><a href="#[5b]">&gt;&gt;</a>&nbsp;&nbsp;&nbsp;PcdRequest
</UL>

<P><STRONG><a name="[71]"></a>PcdComMF522</STRONG> (Thumb, 312 bytes, Stack size 48 bytes, card.o(.text))
<BR><BR>[Stack]<UL><LI>Max Depth = 88<LI>Call Chain = PcdComMF522 &rArr; ClearBitMask &rArr; ReadRawRC
</UL>
<BR>[Calls]<UL><LI><a href="#[70]">&gt;&gt;</a>&nbsp;&nbsp;&nbsp;ClearBitMask
<LI><a href="#[6f]">&gt;&gt;</a>&nbsp;&nbsp;&nbsp;SetBitMask
<LI><a href="#[6d]">&gt;&gt;</a>&nbsp;&nbsp;&nbsp;ReadRawRC
<LI><a href="#[6c]">&gt;&gt;</a>&nbsp;&nbsp;&nbsp;WriteRawRC
</UL>
<BR>[Called By]<UL><LI><a href="#[7a]">&gt;&gt;</a>&nbsp;&nbsp;&nbsp;PcdHalt
<LI><a href="#[79]">&gt;&gt;</a>&nbsp;&nbsp;&nbsp;PcdBakValue
<LI><a href="#[78]">&gt;&gt;</a>&nbsp;&nbsp;&nbsp;PcdValue
<LI><a href="#[77]">&gt;&gt;</a>&nbsp;&nbsp;&nbsp;PcdWrite
<LI><a href="#[76]">&gt;&gt;</a>&nbsp;&nbsp;&nbsp;PcdRead
<LI><a href="#[75]">&gt;&gt;</a>&nbsp;&nbsp;&nbsp;PcdAuthState
<LI><a href="#[74]">&gt;&gt;</a>&nbsp;&nbsp;&nbsp;PcdSelect
<LI><a href="#[72]">&gt;&gt;</a>&nbsp;&nbsp;&nbsp;PcdAnticoll
<LI><a href="#[5b]">&gt;&gt;</a>&nbsp;&nbsp;&nbsp;PcdRequest
</UL>

<P><STRONG><a name="[5b]"></a>PcdRequest</STRONG> (Thumb, 86 bytes, Stack size 48 bytes, card.o(.text))
<BR><BR>[Stack]<UL><LI>Max Depth = 136<LI>Call Chain = PcdRequest &rArr; PcdComMF522 &rArr; ClearBitMask &rArr; ReadRawRC
</UL>
<BR>[Calls]<UL><LI><a href="#[71]">&gt;&gt;</a>&nbsp;&nbsp;&nbsp;PcdComMF522
<LI><a href="#[70]">&gt;&gt;</a>&nbsp;&nbsp;&nbsp;ClearBitMask
<LI><a href="#[6f]">&gt;&gt;</a>&nbsp;&nbsp;&nbsp;SetBitMask
<LI><a href="#[6c]">&gt;&gt;</a>&nbsp;&nbsp;&nbsp;WriteRawRC
</UL>
<BR>[Called By]<UL><LI><a href="#[a]">&gt;&gt;</a>&nbsp;&nbsp;&nbsp;SysTick_Handler
</UL>

<P><STRONG><a name="[72]"></a>PcdAnticoll</STRONG> (Thumb, 112 bytes, Stack size 48 bytes, card.o(.text), UNUSED)
<BR><BR>[Calls]<UL><LI><a href="#[71]">&gt;&gt;</a>&nbsp;&nbsp;&nbsp;PcdComMF522
<LI><a href="#[70]">&gt;&gt;</a>&nbsp;&nbsp;&nbsp;ClearBitMask
<LI><a href="#[6f]">&gt;&gt;</a>&nbsp;&nbsp;&nbsp;SetBitMask
<LI><a href="#[6c]">&gt;&gt;</a>&nbsp;&nbsp;&nbsp;WriteRawRC
</UL>
<BR>[Called By]<UL><LI><a href="#[84]">&gt;&gt;</a>&nbsp;&nbsp;&nbsp;CARD_GETID
</UL>

<P><STRONG><a name="[73]"></a>CalulateCRC</STRONG> (Thumb, 116 bytes, Stack size 32 bytes, card.o(.text), UNUSED)
<BR><BR>[Calls]<UL><LI><a href="#[70]">&gt;&gt;</a>&nbsp;&nbsp;&nbsp;ClearBitMask
<LI><a href="#[6f]">&gt;&gt;</a>&nbsp;&nbsp;&nbsp;SetBitMask
<LI><a href="#[6d]">&gt;&gt;</a>&nbsp;&nbsp;&nbsp;ReadRawRC
<LI><a href="#[6c]">&gt;&gt;</a>&nbsp;&nbsp;&nbsp;WriteRawRC
</UL>
<BR>[Called By]<UL><LI><a href="#[7a]">&gt;&gt;</a>&nbsp;&nbsp;&nbsp;PcdHalt
<LI><a href="#[79]">&gt;&gt;</a>&nbsp;&nbsp;&nbsp;PcdBakValue
<LI><a href="#[78]">&gt;&gt;</a>&nbsp;&nbsp;&nbsp;PcdValue
<LI><a href="#[77]">&gt;&gt;</a>&nbsp;&nbsp;&nbsp;PcdWrite
<LI><a href="#[76]">&gt;&gt;</a>&nbsp;&nbsp;&nbsp;PcdRead
<LI><a href="#[74]">&gt;&gt;</a>&nbsp;&nbsp;&nbsp;PcdSelect
</UL>

<P><STRONG><a name="[74]"></a>PcdSelect</STRONG> (Thumb, 110 bytes, Stack size 48 bytes, card.o(.text), UNUSED)
<BR><BR>[Calls]<UL><LI><a href="#[73]">&gt;&gt;</a>&nbsp;&nbsp;&nbsp;CalulateCRC
<LI><a href="#[71]">&gt;&gt;</a>&nbsp;&nbsp;&nbsp;PcdComMF522
<LI><a href="#[70]">&gt;&gt;</a>&nbsp;&nbsp;&nbsp;ClearBitMask
</UL>

<P><STRONG><a name="[75]"></a>PcdAuthState</STRONG> (Thumb, 104 bytes, Stack size 64 bytes, card.o(.text), UNUSED)
<BR><BR>[Calls]<UL><LI><a href="#[71]">&gt;&gt;</a>&nbsp;&nbsp;&nbsp;PcdComMF522
<LI><a href="#[6d]">&gt;&gt;</a>&nbsp;&nbsp;&nbsp;ReadRawRC
</UL>

<P><STRONG><a name="[76]"></a>PcdRead</STRONG> (Thumb, 82 bytes, Stack size 48 bytes, card.o(.text), UNUSED)
<BR><BR>[Calls]<UL><LI><a href="#[73]">&gt;&gt;</a>&nbsp;&nbsp;&nbsp;CalulateCRC
<LI><a href="#[71]">&gt;&gt;</a>&nbsp;&nbsp;&nbsp;PcdComMF522
</UL>

<P><STRONG><a name="[77]"></a>PcdWrite</STRONG> (Thumb, 148 bytes, Stack size 48 bytes, card.o(.text), UNUSED)
<BR><BR>[Calls]<UL><LI><a href="#[73]">&gt;&gt;</a>&nbsp;&nbsp;&nbsp;CalulateCRC
<LI><a href="#[71]">&gt;&gt;</a>&nbsp;&nbsp;&nbsp;PcdComMF522
</UL>

<P><STRONG><a name="[78]"></a>PcdValue</STRONG> (Thumb, 202 bytes, Stack size 64 bytes, card.o(.text), UNUSED)
<BR><BR>[Calls]<UL><LI><a href="#[73]">&gt;&gt;</a>&nbsp;&nbsp;&nbsp;CalulateCRC
<LI><a href="#[71]">&gt;&gt;</a>&nbsp;&nbsp;&nbsp;PcdComMF522
</UL>

<P><STRONG><a name="[79]"></a>PcdBakValue</STRONG> (Thumb, 196 bytes, Stack size 48 bytes, card.o(.text), UNUSED)
<BR><BR>[Calls]<UL><LI><a href="#[73]">&gt;&gt;</a>&nbsp;&nbsp;&nbsp;CalulateCRC
<LI><a href="#[71]">&gt;&gt;</a>&nbsp;&nbsp;&nbsp;PcdComMF522
</UL>

<P><STRONG><a name="[7a]"></a>PcdHalt</STRONG> (Thumb, 46 bytes, Stack size 32 bytes, card.o(.text), UNUSED)
<BR><BR>[Calls]<UL><LI><a href="#[73]">&gt;&gt;</a>&nbsp;&nbsp;&nbsp;CalulateCRC
<LI><a href="#[71]">&gt;&gt;</a>&nbsp;&nbsp;&nbsp;PcdComMF522
</UL>
<BR>[Called By]<UL><LI><a href="#[83]">&gt;&gt;</a>&nbsp;&nbsp;&nbsp;CARD_lp_INIT
</UL>

<P><STRONG><a name="[7b]"></a>PcdReset</STRONG> (Thumb, 122 bytes, Stack size 8 bytes, card.o(.text), UNUSED)
<BR><BR>[Calls]<UL><LI><a href="#[70]">&gt;&gt;</a>&nbsp;&nbsp;&nbsp;ClearBitMask
<LI><a href="#[6c]">&gt;&gt;</a>&nbsp;&nbsp;&nbsp;WriteRawRC
<LI><a href="#[55]">&gt;&gt;</a>&nbsp;&nbsp;&nbsp;delay_ms
</UL>
<BR>[Called By]<UL><LI><a href="#[82]">&gt;&gt;</a>&nbsp;&nbsp;&nbsp;CARD_INIT
</UL>

<P><STRONG><a name="[7c]"></a>PcdAntennaOn</STRONG> (Thumb, 28 bytes, Stack size 8 bytes, card.o(.text), UNUSED)
<BR><BR>[Calls]<UL><LI><a href="#[6f]">&gt;&gt;</a>&nbsp;&nbsp;&nbsp;SetBitMask
<LI><a href="#[6d]">&gt;&gt;</a>&nbsp;&nbsp;&nbsp;ReadRawRC
</UL>
<BR>[Called By]<UL><LI><a href="#[81]">&gt;&gt;</a>&nbsp;&nbsp;&nbsp;RC522_Config
</UL>

<P><STRONG><a name="[7d]"></a>PcdAntennaOff</STRONG> (Thumb, 12 bytes, Stack size 8 bytes, card.o(.text), UNUSED)
<BR><BR>[Calls]<UL><LI><a href="#[70]">&gt;&gt;</a>&nbsp;&nbsp;&nbsp;ClearBitMask
</UL>

<P><STRONG><a name="[7e]"></a>GPIO_INIT_CARD1</STRONG> (Thumb, 42 bytes, Stack size 16 bytes, card.o(.text), UNUSED)
<BR><BR>[Calls]<UL><LI><a href="#[36]">&gt;&gt;</a>&nbsp;&nbsp;&nbsp;RCC_AHBPeriphClockCmd
<LI><a href="#[37]">&gt;&gt;</a>&nbsp;&nbsp;&nbsp;GPIO_Init
</UL>
<BR>[Called By]<UL><LI><a href="#[82]">&gt;&gt;</a>&nbsp;&nbsp;&nbsp;CARD_INIT
</UL>

<P><STRONG><a name="[7f]"></a>GPIO_INIT_CARD2</STRONG> (Thumb, 44 bytes, Stack size 16 bytes, card.o(.text), UNUSED)
<BR><BR>[Calls]<UL><LI><a href="#[36]">&gt;&gt;</a>&nbsp;&nbsp;&nbsp;RCC_AHBPeriphClockCmd
<LI><a href="#[37]">&gt;&gt;</a>&nbsp;&nbsp;&nbsp;GPIO_Init
</UL>
<BR>[Called By]<UL><LI><a href="#[82]">&gt;&gt;</a>&nbsp;&nbsp;&nbsp;CARD_INIT
</UL>

<P><STRONG><a name="[80]"></a>GPIO_INIT_CARD3</STRONG> (Thumb, 40 bytes, Stack size 16 bytes, card.o(.text), UNUSED)
<BR><BR>[Calls]<UL><LI><a href="#[36]">&gt;&gt;</a>&nbsp;&nbsp;&nbsp;RCC_AHBPeriphClockCmd
<LI><a href="#[37]">&gt;&gt;</a>&nbsp;&nbsp;&nbsp;GPIO_Init
</UL>
<BR>[Called By]<UL><LI><a href="#[82]">&gt;&gt;</a>&nbsp;&nbsp;&nbsp;CARD_INIT
</UL>

<P><STRONG><a name="[81]"></a>RC522_Config</STRONG> (Thumb, 82 bytes, Stack size 8 bytes, card.o(.text), UNUSED)
<BR><BR>[Calls]<UL><LI><a href="#[7c]">&gt;&gt;</a>&nbsp;&nbsp;&nbsp;PcdAntennaOn
<LI><a href="#[70]">&gt;&gt;</a>&nbsp;&nbsp;&nbsp;ClearBitMask
<LI><a href="#[6c]">&gt;&gt;</a>&nbsp;&nbsp;&nbsp;WriteRawRC
<LI><a href="#[55]">&gt;&gt;</a>&nbsp;&nbsp;&nbsp;delay_ms
</UL>
<BR>[Called By]<UL><LI><a href="#[82]">&gt;&gt;</a>&nbsp;&nbsp;&nbsp;CARD_INIT
</UL>

<P><STRONG><a name="[82]"></a>CARD_INIT</STRONG> (Thumb, 32 bytes, Stack size 8 bytes, card.o(.text), UNUSED)
<BR><BR>[Calls]<UL><LI><a href="#[81]">&gt;&gt;</a>&nbsp;&nbsp;&nbsp;RC522_Config
<LI><a href="#[80]">&gt;&gt;</a>&nbsp;&nbsp;&nbsp;GPIO_INIT_CARD3
<LI><a href="#[7f]">&gt;&gt;</a>&nbsp;&nbsp;&nbsp;GPIO_INIT_CARD2
<LI><a href="#[7e]">&gt;&gt;</a>&nbsp;&nbsp;&nbsp;GPIO_INIT_CARD1
<LI><a href="#[7b]">&gt;&gt;</a>&nbsp;&nbsp;&nbsp;PcdReset
<LI><a href="#[6d]">&gt;&gt;</a>&nbsp;&nbsp;&nbsp;ReadRawRC
</UL>

<P><STRONG><a name="[83]"></a>CARD_lp_INIT</STRONG> (Thumb, 8 bytes, Stack size 8 bytes, card.o(.text), UNUSED)
<BR><BR>[Calls]<UL><LI><a href="#[7a]">&gt;&gt;</a>&nbsp;&nbsp;&nbsp;PcdHalt
</UL>

<P><STRONG><a name="[84]"></a>CARD_GETID</STRONG> (Thumb, 32 bytes, Stack size 16 bytes, card.o(.text), UNUSED)
<BR><BR>[Calls]<UL><LI><a href="#[85]">&gt;&gt;</a>&nbsp;&nbsp;&nbsp;VOICE
<LI><a href="#[72]">&gt;&gt;</a>&nbsp;&nbsp;&nbsp;PcdAnticoll
</UL>
<BR>[Called By]<UL><LI><a href="#[8a]">&gt;&gt;</a>&nbsp;&nbsp;&nbsp;CARD_Identify
<LI><a href="#[86]">&gt;&gt;</a>&nbsp;&nbsp;&nbsp;CARD_Enroll
</UL>

<P><STRONG><a name="[86]"></a>CARD_Enroll</STRONG> (Thumb, 62 bytes, Stack size 16 bytes, card.o(.text), UNUSED)
<BR><BR>[Calls]<UL><LI><a href="#[85]">&gt;&gt;</a>&nbsp;&nbsp;&nbsp;VOICE
<LI><a href="#[89]">&gt;&gt;</a>&nbsp;&nbsp;&nbsp;KeyBD_State_Rst
<LI><a href="#[88]">&gt;&gt;</a>&nbsp;&nbsp;&nbsp;CARD_UPDATA_CARDID
<LI><a href="#[87]">&gt;&gt;</a>&nbsp;&nbsp;&nbsp;CARD_Get_Enroll_CARDID
<LI><a href="#[84]">&gt;&gt;</a>&nbsp;&nbsp;&nbsp;CARD_GETID
</UL>
<BR>[Called By]<UL><LI><a href="#[8d]">&gt;&gt;</a>&nbsp;&nbsp;&nbsp;CARD_MAIN
</UL>

<P><STRONG><a name="[8a]"></a>CARD_Identify</STRONG> (Thumb, 80 bytes, Stack size 8 bytes, card.o(.text), UNUSED)
<BR><BR>[Calls]<UL><LI><a href="#[85]">&gt;&gt;</a>&nbsp;&nbsp;&nbsp;VOICE
<LI><a href="#[8c]">&gt;&gt;</a>&nbsp;&nbsp;&nbsp;MOTO_Forward
<LI><a href="#[89]">&gt;&gt;</a>&nbsp;&nbsp;&nbsp;KeyBD_State_Rst
<LI><a href="#[8b]">&gt;&gt;</a>&nbsp;&nbsp;&nbsp;CARD_IDCheck
<LI><a href="#[84]">&gt;&gt;</a>&nbsp;&nbsp;&nbsp;CARD_GETID
</UL>
<BR>[Called By]<UL><LI><a href="#[8d]">&gt;&gt;</a>&nbsp;&nbsp;&nbsp;CARD_MAIN
</UL>

<P><STRONG><a name="[8d]"></a>CARD_MAIN</STRONG> (Thumb, 138 bytes, Stack size 8 bytes, card.o(.text), UNUSED)
<BR><BR>[Calls]<UL><LI><a href="#[85]">&gt;&gt;</a>&nbsp;&nbsp;&nbsp;VOICE
<LI><a href="#[8e]">&gt;&gt;</a>&nbsp;&nbsp;&nbsp;ClearPassWord
<LI><a href="#[8a]">&gt;&gt;</a>&nbsp;&nbsp;&nbsp;CARD_Identify
<LI><a href="#[86]">&gt;&gt;</a>&nbsp;&nbsp;&nbsp;CARD_Enroll
</UL>
<BR>[Called By]<UL><LI><a href="#[dc]">&gt;&gt;</a>&nbsp;&nbsp;&nbsp;LOCK_MAIN
</UL>

<P><STRONG><a name="[8f]"></a>Flash_Erase</STRONG> (Thumb, 64 bytes, Stack size 16 bytes, database.o(.text), UNUSED)
<BR><BR>[Calls]<UL><LI><a href="#[91]">&gt;&gt;</a>&nbsp;&nbsp;&nbsp;FLASH_Unlock
<LI><a href="#[93]">&gt;&gt;</a>&nbsp;&nbsp;&nbsp;FLASH_Lock
<LI><a href="#[92]">&gt;&gt;</a>&nbsp;&nbsp;&nbsp;FLASH_ErasePage
<LI><a href="#[90]">&gt;&gt;</a>&nbsp;&nbsp;&nbsp;FLASH_ClearFlag
</UL>
<BR>[Called By]<UL><LI><a href="#[94]">&gt;&gt;</a>&nbsp;&nbsp;&nbsp;Flash_Write
</UL>

<P><STRONG><a name="[97]"></a>Flash_Read</STRONG> (Thumb, 24 bytes, Stack size 8 bytes, database.o(.text), UNUSED)
<BR><BR>[Called By]<UL><LI><a href="#[d5]">&gt;&gt;</a>&nbsp;&nbsp;&nbsp;USER_PassWordCheck
<LI><a href="#[a0]">&gt;&gt;</a>&nbsp;&nbsp;&nbsp;USER_UPDATA_USERID
<LI><a href="#[9f]">&gt;&gt;</a>&nbsp;&nbsp;&nbsp;USER_Get_Enroll_USERID
<LI><a href="#[9e]">&gt;&gt;</a>&nbsp;&nbsp;&nbsp;KEYBD_Get_Enroll_USERID
<LI><a href="#[9d]">&gt;&gt;</a>&nbsp;&nbsp;&nbsp;FP_UPDATA_FPID
<LI><a href="#[9c]">&gt;&gt;</a>&nbsp;&nbsp;&nbsp;FP_Get_Enroll_FPID
<LI><a href="#[99]">&gt;&gt;</a>&nbsp;&nbsp;&nbsp;Get_ADMIN_PASSWORD
<LI><a href="#[96]">&gt;&gt;</a>&nbsp;&nbsp;&nbsp;Get_LOCK_State
<LI><a href="#[88]">&gt;&gt;</a>&nbsp;&nbsp;&nbsp;CARD_UPDATA_CARDID
<LI><a href="#[8b]">&gt;&gt;</a>&nbsp;&nbsp;&nbsp;CARD_IDCheck
<LI><a href="#[87]">&gt;&gt;</a>&nbsp;&nbsp;&nbsp;CARD_Get_Enroll_CARDID
</UL>

<P><STRONG><a name="[94]"></a>Flash_Write</STRONG> (Thumb, 102 bytes, Stack size 32 bytes, database.o(.text), UNUSED)
<BR><BR>[Calls]<UL><LI><a href="#[91]">&gt;&gt;</a>&nbsp;&nbsp;&nbsp;FLASH_Unlock
<LI><a href="#[95]">&gt;&gt;</a>&nbsp;&nbsp;&nbsp;FLASH_ProgramHalfWord
<LI><a href="#[93]">&gt;&gt;</a>&nbsp;&nbsp;&nbsp;FLASH_Lock
<LI><a href="#[8f]">&gt;&gt;</a>&nbsp;&nbsp;&nbsp;Flash_Erase
</UL>
<BR>[Called By]<UL><LI><a href="#[da]">&gt;&gt;</a>&nbsp;&nbsp;&nbsp;KEYBD_MAIN
<LI><a href="#[a0]">&gt;&gt;</a>&nbsp;&nbsp;&nbsp;USER_UPDATA_USERID
<LI><a href="#[9d]">&gt;&gt;</a>&nbsp;&nbsp;&nbsp;FP_UPDATA_FPID
<LI><a href="#[9b]">&gt;&gt;</a>&nbsp;&nbsp;&nbsp;Set_ADMIN_PASSWORD
<LI><a href="#[98]">&gt;&gt;</a>&nbsp;&nbsp;&nbsp;Set_LOCK_State
<LI><a href="#[88]">&gt;&gt;</a>&nbsp;&nbsp;&nbsp;CARD_UPDATA_CARDID
</UL>

<P><STRONG><a name="[96]"></a>Get_LOCK_State</STRONG> (Thumb, 26 bytes, Stack size 8 bytes, database.o(.text), UNUSED)
<BR><BR>[Calls]<UL><LI><a href="#[97]">&gt;&gt;</a>&nbsp;&nbsp;&nbsp;Flash_Read
</UL>

<P><STRONG><a name="[98]"></a>Set_LOCK_State</STRONG> (Thumb, 20 bytes, Stack size 8 bytes, database.o(.text), UNUSED)
<BR><BR>[Calls]<UL><LI><a href="#[94]">&gt;&gt;</a>&nbsp;&nbsp;&nbsp;Flash_Write
</UL>

<P><STRONG><a name="[99]"></a>Get_ADMIN_PASSWORD</STRONG> (Thumb, 54 bytes, Stack size 8 bytes, database.o(.text), UNUSED)
<BR><BR>[Calls]<UL><LI><a href="#[97]">&gt;&gt;</a>&nbsp;&nbsp;&nbsp;Flash_Read
<LI><a href="#[9a]">&gt;&gt;</a>&nbsp;&nbsp;&nbsp;__aeabi_memcpy
</UL>
<BR>[Called By]<UL><LI><a href="#[dd]">&gt;&gt;</a>&nbsp;&nbsp;&nbsp;LOCK_ADMIN_SET
</UL>

<P><STRONG><a name="[9b]"></a>Set_ADMIN_PASSWORD</STRONG> (Thumb, 48 bytes, Stack size 8 bytes, database.o(.text), UNUSED)
<BR><BR>[Calls]<UL><LI><a href="#[94]">&gt;&gt;</a>&nbsp;&nbsp;&nbsp;Flash_Write
<LI><a href="#[9a]">&gt;&gt;</a>&nbsp;&nbsp;&nbsp;__aeabi_memcpy
</UL>
<BR>[Called By]<UL><LI><a href="#[dd]">&gt;&gt;</a>&nbsp;&nbsp;&nbsp;LOCK_ADMIN_SET
</UL>

<P><STRONG><a name="[9c]"></a>FP_Get_Enroll_FPID</STRONG> (Thumb, 48 bytes, Stack size 8 bytes, database.o(.text), UNUSED)
<BR><BR>[Calls]<UL><LI><a href="#[97]">&gt;&gt;</a>&nbsp;&nbsp;&nbsp;Flash_Read
</UL>
<BR>[Called By]<UL><LI><a href="#[b0]">&gt;&gt;</a>&nbsp;&nbsp;&nbsp;CmdAutoEnroll
</UL>

<P><STRONG><a name="[9d]"></a>FP_UPDATA_FPID</STRONG> (Thumb, 68 bytes, Stack size 16 bytes, database.o(.text), UNUSED)
<BR><BR>[Calls]<UL><LI><a href="#[94]">&gt;&gt;</a>&nbsp;&nbsp;&nbsp;Flash_Write
<LI><a href="#[97]">&gt;&gt;</a>&nbsp;&nbsp;&nbsp;Flash_Read
<LI><a href="#[9a]">&gt;&gt;</a>&nbsp;&nbsp;&nbsp;__aeabi_memcpy
</UL>
<BR>[Called By]<UL><LI><a href="#[b0]">&gt;&gt;</a>&nbsp;&nbsp;&nbsp;CmdAutoEnroll
</UL>

<P><STRONG><a name="[9e]"></a>KEYBD_Get_Enroll_USERID</STRONG> (Thumb, 44 bytes, Stack size 8 bytes, database.o(.text), UNUSED)
<BR><BR>[Calls]<UL><LI><a href="#[97]">&gt;&gt;</a>&nbsp;&nbsp;&nbsp;Flash_Read
</UL>

<P><STRONG><a name="[9f]"></a>USER_Get_Enroll_USERID</STRONG> (Thumb, 44 bytes, Stack size 8 bytes, database.o(.text), UNUSED)
<BR><BR>[Calls]<UL><LI><a href="#[97]">&gt;&gt;</a>&nbsp;&nbsp;&nbsp;Flash_Read
</UL>
<BR>[Called By]<UL><LI><a href="#[d7]">&gt;&gt;</a>&nbsp;&nbsp;&nbsp;PASSWORD_Enroll
</UL>

<P><STRONG><a name="[a0]"></a>USER_UPDATA_USERID</STRONG> (Thumb, 94 bytes, Stack size 32 bytes, database.o(.text), UNUSED)
<BR><BR>[Calls]<UL><LI><a href="#[94]">&gt;&gt;</a>&nbsp;&nbsp;&nbsp;Flash_Write
<LI><a href="#[97]">&gt;&gt;</a>&nbsp;&nbsp;&nbsp;Flash_Read
<LI><a href="#[9a]">&gt;&gt;</a>&nbsp;&nbsp;&nbsp;__aeabi_memcpy
</UL>
<BR>[Called By]<UL><LI><a href="#[d7]">&gt;&gt;</a>&nbsp;&nbsp;&nbsp;PASSWORD_Enroll
</UL>

<P><STRONG><a name="[87]"></a>CARD_Get_Enroll_CARDID</STRONG> (Thumb, 44 bytes, Stack size 8 bytes, database.o(.text), UNUSED)
<BR><BR>[Calls]<UL><LI><a href="#[97]">&gt;&gt;</a>&nbsp;&nbsp;&nbsp;Flash_Read
</UL>
<BR>[Called By]<UL><LI><a href="#[86]">&gt;&gt;</a>&nbsp;&nbsp;&nbsp;CARD_Enroll
</UL>

<P><STRONG><a name="[88]"></a>CARD_UPDATA_CARDID</STRONG> (Thumb, 104 bytes, Stack size 56 bytes, database.o(.text), UNUSED)
<BR><BR>[Calls]<UL><LI><a href="#[94]">&gt;&gt;</a>&nbsp;&nbsp;&nbsp;Flash_Write
<LI><a href="#[97]">&gt;&gt;</a>&nbsp;&nbsp;&nbsp;Flash_Read
<LI><a href="#[9a]">&gt;&gt;</a>&nbsp;&nbsp;&nbsp;__aeabi_memcpy
</UL>
<BR>[Called By]<UL><LI><a href="#[86]">&gt;&gt;</a>&nbsp;&nbsp;&nbsp;CARD_Enroll
</UL>

<P><STRONG><a name="[8b]"></a>CARD_IDCheck</STRONG> (Thumb, 86 bytes, Stack size 20 bytes, database.o(.text), UNUSED)
<BR><BR>[Calls]<UL><LI><a href="#[97]">&gt;&gt;</a>&nbsp;&nbsp;&nbsp;Flash_Read
</UL>
<BR>[Called By]<UL><LI><a href="#[8a]">&gt;&gt;</a>&nbsp;&nbsp;&nbsp;CARD_Identify
</UL>

<P><STRONG><a name="[a1]"></a>GPIO_INIT_Touch</STRONG> (Thumb, 104 bytes, Stack size 24 bytes, fp.o(.text), UNUSED)
<BR><BR>[Calls]<UL><LI><a href="#[a2]">&gt;&gt;</a>&nbsp;&nbsp;&nbsp;SYSCFG_EXTILineConfig
<LI><a href="#[a3]">&gt;&gt;</a>&nbsp;&nbsp;&nbsp;EXTI_Init
<LI><a href="#[3f]">&gt;&gt;</a>&nbsp;&nbsp;&nbsp;RCC_APB2PeriphClockCmd
<LI><a href="#[36]">&gt;&gt;</a>&nbsp;&nbsp;&nbsp;RCC_AHBPeriphClockCmd
<LI><a href="#[3e]">&gt;&gt;</a>&nbsp;&nbsp;&nbsp;NVIC_Init
<LI><a href="#[37]">&gt;&gt;</a>&nbsp;&nbsp;&nbsp;GPIO_Init
</UL>
<BR>[Called By]<UL><LI><a href="#[a7]">&gt;&gt;</a>&nbsp;&nbsp;&nbsp;FP_lp_INIT
<LI><a href="#[a5]">&gt;&gt;</a>&nbsp;&nbsp;&nbsp;FP_INIT
</UL>

<P><STRONG><a name="[a4]"></a>GPIO_INIT_POWER</STRONG> (Thumb, 44 bytes, Stack size 16 bytes, fp.o(.text), UNUSED)
<BR><BR>[Calls]<UL><LI><a href="#[36]">&gt;&gt;</a>&nbsp;&nbsp;&nbsp;RCC_AHBPeriphClockCmd
<LI><a href="#[37]">&gt;&gt;</a>&nbsp;&nbsp;&nbsp;GPIO_Init
</UL>
<BR>[Called By]<UL><LI><a href="#[a7]">&gt;&gt;</a>&nbsp;&nbsp;&nbsp;FP_lp_INIT
<LI><a href="#[a5]">&gt;&gt;</a>&nbsp;&nbsp;&nbsp;FP_INIT
</UL>

<P><STRONG><a name="[a6]"></a>FP_POWER_OFF</STRONG> (Thumb, 12 bytes, Stack size 0 bytes, fp.o(.text), UNUSED)
<BR><BR>[Called By]<UL><LI><a href="#[b4]">&gt;&gt;</a>&nbsp;&nbsp;&nbsp;FP_MAIN
<LI><a href="#[a7]">&gt;&gt;</a>&nbsp;&nbsp;&nbsp;FP_lp_INIT
<LI><a href="#[a5]">&gt;&gt;</a>&nbsp;&nbsp;&nbsp;FP_INIT
</UL>

<P><STRONG><a name="[a5]"></a>FP_INIT</STRONG> (Thumb, 16 bytes, Stack size 8 bytes, fp.o(.text), UNUSED)
<BR><BR>[Calls]<UL><LI><a href="#[a6]">&gt;&gt;</a>&nbsp;&nbsp;&nbsp;FP_POWER_OFF
<LI><a href="#[a4]">&gt;&gt;</a>&nbsp;&nbsp;&nbsp;GPIO_INIT_POWER
<LI><a href="#[a1]">&gt;&gt;</a>&nbsp;&nbsp;&nbsp;GPIO_INIT_Touch
</UL>

<P><STRONG><a name="[a7]"></a>FP_lp_INIT</STRONG> (Thumb, 16 bytes, Stack size 8 bytes, fp.o(.text), UNUSED)
<BR><BR>[Calls]<UL><LI><a href="#[a6]">&gt;&gt;</a>&nbsp;&nbsp;&nbsp;FP_POWER_OFF
<LI><a href="#[a4]">&gt;&gt;</a>&nbsp;&nbsp;&nbsp;GPIO_INIT_POWER
<LI><a href="#[a1]">&gt;&gt;</a>&nbsp;&nbsp;&nbsp;GPIO_INIT_Touch
</UL>

<P><STRONG><a name="[a8]"></a>GET_FP_Touch</STRONG> (Thumb, 16 bytes, Stack size 8 bytes, fp.o(.text), UNUSED)
<BR><BR>[Calls]<UL><LI><a href="#[6e]">&gt;&gt;</a>&nbsp;&nbsp;&nbsp;GPIO_ReadInputDataBit
</UL>
<BR>[Called By]<UL><LI><a href="#[b4]">&gt;&gt;</a>&nbsp;&nbsp;&nbsp;FP_MAIN
</UL>

<P><STRONG><a name="[a9]"></a>FP_POWER_ON</STRONG> (Thumb, 22 bytes, Stack size 8 bytes, fp.o(.text), UNUSED)
<BR><BR>[Calls]<UL><LI><a href="#[54]">&gt;&gt;</a>&nbsp;&nbsp;&nbsp;commdelay
</UL>
<BR>[Called By]<UL><LI><a href="#[da]">&gt;&gt;</a>&nbsp;&nbsp;&nbsp;KEYBD_MAIN
<LI><a href="#[b4]">&gt;&gt;</a>&nbsp;&nbsp;&nbsp;FP_MAIN
</UL>

<P><STRONG><a name="[aa]"></a>FP_SendCmd_AutoIdentify</STRONG> (Thumb, 152 bytes, Stack size 24 bytes, fp.o(.text), UNUSED)
<BR><BR>[Calls]<UL><LI><a href="#[ab]">&gt;&gt;</a>&nbsp;&nbsp;&nbsp;countsum
<LI><a href="#[4b]">&gt;&gt;</a>&nbsp;&nbsp;&nbsp;uart_send
<LI><a href="#[9a]">&gt;&gt;</a>&nbsp;&nbsp;&nbsp;__aeabi_memcpy
</UL>
<BR>[Called By]<UL><LI><a href="#[b1]">&gt;&gt;</a>&nbsp;&nbsp;&nbsp;CmdAutoIdentify
</UL>

<P><STRONG><a name="[ac]"></a>FP_SendCmd_AutoEnroll</STRONG> (Thumb, 150 bytes, Stack size 16 bytes, fp.o(.text), UNUSED)
<BR><BR>[Calls]<UL><LI><a href="#[ab]">&gt;&gt;</a>&nbsp;&nbsp;&nbsp;countsum
<LI><a href="#[4b]">&gt;&gt;</a>&nbsp;&nbsp;&nbsp;uart_send
<LI><a href="#[9a]">&gt;&gt;</a>&nbsp;&nbsp;&nbsp;__aeabi_memcpy
</UL>
<BR>[Called By]<UL><LI><a href="#[b0]">&gt;&gt;</a>&nbsp;&nbsp;&nbsp;CmdAutoEnroll
</UL>

<P><STRONG><a name="[ad]"></a>FP_SendCmd_DeleteChar</STRONG> (Thumb, 138 bytes, Stack size 24 bytes, fp.o(.text), UNUSED)
<BR><BR>[Calls]<UL><LI><a href="#[ab]">&gt;&gt;</a>&nbsp;&nbsp;&nbsp;countsum
<LI><a href="#[4b]">&gt;&gt;</a>&nbsp;&nbsp;&nbsp;uart_send
<LI><a href="#[9a]">&gt;&gt;</a>&nbsp;&nbsp;&nbsp;__aeabi_memcpy
</UL>
<BR>[Called By]<UL><LI><a href="#[b2]">&gt;&gt;</a>&nbsp;&nbsp;&nbsp;CmdDeleteChar
</UL>

<P><STRONG><a name="[ae]"></a>FP_SendCmd_Empty</STRONG> (Thumb, 90 bytes, Stack size 16 bytes, fp.o(.text), UNUSED)
<BR><BR>[Calls]<UL><LI><a href="#[ab]">&gt;&gt;</a>&nbsp;&nbsp;&nbsp;countsum
<LI><a href="#[4b]">&gt;&gt;</a>&nbsp;&nbsp;&nbsp;uart_send
<LI><a href="#[9a]">&gt;&gt;</a>&nbsp;&nbsp;&nbsp;__aeabi_memcpy
</UL>
<BR>[Called By]<UL><LI><a href="#[b3]">&gt;&gt;</a>&nbsp;&nbsp;&nbsp;CmdEmpty
</UL>

<P><STRONG><a name="[af]"></a>FP_RcvDeal</STRONG> (Thumb, 310 bytes, Stack size 24 bytes, fp.o(.text), UNUSED)
<BR><BR>[Calls]<UL><LI><a href="#[85]">&gt;&gt;</a>&nbsp;&nbsp;&nbsp;VOICE
<LI><a href="#[54]">&gt;&gt;</a>&nbsp;&nbsp;&nbsp;commdelay
<LI><a href="#[9a]">&gt;&gt;</a>&nbsp;&nbsp;&nbsp;__aeabi_memcpy
</UL>
<BR>[Called By]<UL><LI><a href="#[b3]">&gt;&gt;</a>&nbsp;&nbsp;&nbsp;CmdEmpty
<LI><a href="#[b2]">&gt;&gt;</a>&nbsp;&nbsp;&nbsp;CmdDeleteChar
<LI><a href="#[b1]">&gt;&gt;</a>&nbsp;&nbsp;&nbsp;CmdAutoIdentify
<LI><a href="#[b0]">&gt;&gt;</a>&nbsp;&nbsp;&nbsp;CmdAutoEnroll
</UL>

<P><STRONG><a name="[b0]"></a>CmdAutoEnroll</STRONG> (Thumb, 102 bytes, Stack size 16 bytes, fp.o(.text), UNUSED)
<BR><BR>[Calls]<UL><LI><a href="#[af]">&gt;&gt;</a>&nbsp;&nbsp;&nbsp;FP_RcvDeal
<LI><a href="#[ac]">&gt;&gt;</a>&nbsp;&nbsp;&nbsp;FP_SendCmd_AutoEnroll
<LI><a href="#[9d]">&gt;&gt;</a>&nbsp;&nbsp;&nbsp;FP_UPDATA_FPID
<LI><a href="#[9c]">&gt;&gt;</a>&nbsp;&nbsp;&nbsp;FP_Get_Enroll_FPID
<LI><a href="#[85]">&gt;&gt;</a>&nbsp;&nbsp;&nbsp;VOICE
<LI><a href="#[89]">&gt;&gt;</a>&nbsp;&nbsp;&nbsp;KeyBD_State_Rst
</UL>
<BR>[Called By]<UL><LI><a href="#[b4]">&gt;&gt;</a>&nbsp;&nbsp;&nbsp;FP_MAIN
</UL>

<P><STRONG><a name="[b1]"></a>CmdAutoIdentify</STRONG> (Thumb, 80 bytes, Stack size 8 bytes, fp.o(.text), UNUSED)
<BR><BR>[Calls]<UL><LI><a href="#[af]">&gt;&gt;</a>&nbsp;&nbsp;&nbsp;FP_RcvDeal
<LI><a href="#[aa]">&gt;&gt;</a>&nbsp;&nbsp;&nbsp;FP_SendCmd_AutoIdentify
<LI><a href="#[85]">&gt;&gt;</a>&nbsp;&nbsp;&nbsp;VOICE
<LI><a href="#[8c]">&gt;&gt;</a>&nbsp;&nbsp;&nbsp;MOTO_Forward
</UL>
<BR>[Called By]<UL><LI><a href="#[b4]">&gt;&gt;</a>&nbsp;&nbsp;&nbsp;FP_MAIN
</UL>

<P><STRONG><a name="[b2]"></a>CmdDeleteChar</STRONG> (Thumb, 30 bytes, Stack size 16 bytes, fp.o(.text), UNUSED)
<BR><BR>[Calls]<UL><LI><a href="#[af]">&gt;&gt;</a>&nbsp;&nbsp;&nbsp;FP_RcvDeal
<LI><a href="#[ad]">&gt;&gt;</a>&nbsp;&nbsp;&nbsp;FP_SendCmd_DeleteChar
</UL>

<P><STRONG><a name="[b3]"></a>CmdEmpty</STRONG> (Thumb, 32 bytes, Stack size 8 bytes, fp.o(.text), UNUSED)
<BR><BR>[Calls]<UL><LI><a href="#[af]">&gt;&gt;</a>&nbsp;&nbsp;&nbsp;FP_RcvDeal
<LI><a href="#[ae]">&gt;&gt;</a>&nbsp;&nbsp;&nbsp;FP_SendCmd_Empty
<LI><a href="#[85]">&gt;&gt;</a>&nbsp;&nbsp;&nbsp;VOICE
</UL>
<BR>[Called By]<UL><LI><a href="#[da]">&gt;&gt;</a>&nbsp;&nbsp;&nbsp;KEYBD_MAIN
<LI><a href="#[b4]">&gt;&gt;</a>&nbsp;&nbsp;&nbsp;FP_MAIN
</UL>

<P><STRONG><a name="[b4]"></a>FP_MAIN</STRONG> (Thumb, 176 bytes, Stack size 8 bytes, fp.o(.text), UNUSED)
<BR><BR>[Calls]<UL><LI><a href="#[b3]">&gt;&gt;</a>&nbsp;&nbsp;&nbsp;CmdEmpty
<LI><a href="#[b1]">&gt;&gt;</a>&nbsp;&nbsp;&nbsp;CmdAutoIdentify
<LI><a href="#[b0]">&gt;&gt;</a>&nbsp;&nbsp;&nbsp;CmdAutoEnroll
<LI><a href="#[a9]">&gt;&gt;</a>&nbsp;&nbsp;&nbsp;FP_POWER_ON
<LI><a href="#[a8]">&gt;&gt;</a>&nbsp;&nbsp;&nbsp;GET_FP_Touch
<LI><a href="#[a6]">&gt;&gt;</a>&nbsp;&nbsp;&nbsp;FP_POWER_OFF
<LI><a href="#[85]">&gt;&gt;</a>&nbsp;&nbsp;&nbsp;VOICE
<LI><a href="#[8e]">&gt;&gt;</a>&nbsp;&nbsp;&nbsp;ClearPassWord
</UL>
<BR>[Called By]<UL><LI><a href="#[dc]">&gt;&gt;</a>&nbsp;&nbsp;&nbsp;LOCK_MAIN
</UL>

<P><STRONG><a name="[b5]"></a>GPIO_INIT_DEL</STRONG> (Thumb, 104 bytes, Stack size 24 bytes, keybd.o(.text), UNUSED)
<BR><BR>[Calls]<UL><LI><a href="#[a2]">&gt;&gt;</a>&nbsp;&nbsp;&nbsp;SYSCFG_EXTILineConfig
<LI><a href="#[a3]">&gt;&gt;</a>&nbsp;&nbsp;&nbsp;EXTI_Init
<LI><a href="#[3f]">&gt;&gt;</a>&nbsp;&nbsp;&nbsp;RCC_APB2PeriphClockCmd
<LI><a href="#[36]">&gt;&gt;</a>&nbsp;&nbsp;&nbsp;RCC_AHBPeriphClockCmd
<LI><a href="#[3e]">&gt;&gt;</a>&nbsp;&nbsp;&nbsp;NVIC_Init
<LI><a href="#[37]">&gt;&gt;</a>&nbsp;&nbsp;&nbsp;GPIO_Init
</UL>

<P><STRONG><a name="[b6]"></a>GPIO_INIT_ADD</STRONG> (Thumb, 104 bytes, Stack size 24 bytes, keybd.o(.text), UNUSED)
<BR><BR>[Calls]<UL><LI><a href="#[a2]">&gt;&gt;</a>&nbsp;&nbsp;&nbsp;SYSCFG_EXTILineConfig
<LI><a href="#[a3]">&gt;&gt;</a>&nbsp;&nbsp;&nbsp;EXTI_Init
<LI><a href="#[3f]">&gt;&gt;</a>&nbsp;&nbsp;&nbsp;RCC_APB2PeriphClockCmd
<LI><a href="#[36]">&gt;&gt;</a>&nbsp;&nbsp;&nbsp;RCC_AHBPeriphClockCmd
<LI><a href="#[3e]">&gt;&gt;</a>&nbsp;&nbsp;&nbsp;NVIC_Init
<LI><a href="#[37]">&gt;&gt;</a>&nbsp;&nbsp;&nbsp;GPIO_Init
</UL>

<P><STRONG><a name="[b7]"></a>GPIO_INIT_RST</STRONG> (Thumb, 102 bytes, Stack size 24 bytes, keybd.o(.text), UNUSED)
<BR><BR>[Calls]<UL><LI><a href="#[a2]">&gt;&gt;</a>&nbsp;&nbsp;&nbsp;SYSCFG_EXTILineConfig
<LI><a href="#[a3]">&gt;&gt;</a>&nbsp;&nbsp;&nbsp;EXTI_Init
<LI><a href="#[3f]">&gt;&gt;</a>&nbsp;&nbsp;&nbsp;RCC_APB2PeriphClockCmd
<LI><a href="#[36]">&gt;&gt;</a>&nbsp;&nbsp;&nbsp;RCC_AHBPeriphClockCmd
<LI><a href="#[3e]">&gt;&gt;</a>&nbsp;&nbsp;&nbsp;NVIC_Init
<LI><a href="#[37]">&gt;&gt;</a>&nbsp;&nbsp;&nbsp;GPIO_Init
</UL>
<BR>[Called By]<UL><LI><a href="#[bd]">&gt;&gt;</a>&nbsp;&nbsp;&nbsp;KEYBD_INIT
</UL>

<P><STRONG><a name="[b8]"></a>GPIO_INIT_LOGO</STRONG> (Thumb, 102 bytes, Stack size 24 bytes, keybd.o(.text), UNUSED)
<BR><BR>[Calls]<UL><LI><a href="#[a2]">&gt;&gt;</a>&nbsp;&nbsp;&nbsp;SYSCFG_EXTILineConfig
<LI><a href="#[a3]">&gt;&gt;</a>&nbsp;&nbsp;&nbsp;EXTI_Init
<LI><a href="#[3f]">&gt;&gt;</a>&nbsp;&nbsp;&nbsp;RCC_APB2PeriphClockCmd
<LI><a href="#[36]">&gt;&gt;</a>&nbsp;&nbsp;&nbsp;RCC_AHBPeriphClockCmd
<LI><a href="#[3e]">&gt;&gt;</a>&nbsp;&nbsp;&nbsp;NVIC_Init
<LI><a href="#[37]">&gt;&gt;</a>&nbsp;&nbsp;&nbsp;GPIO_Init
</UL>
<BR>[Called By]<UL><LI><a href="#[bd]">&gt;&gt;</a>&nbsp;&nbsp;&nbsp;KEYBD_INIT
</UL>

<P><STRONG><a name="[b9]"></a>GET_ButtonDEL</STRONG> (Thumb, 16 bytes, Stack size 8 bytes, keybd.o(.text), UNUSED)
<BR><BR>[Calls]<UL><LI><a href="#[6e]">&gt;&gt;</a>&nbsp;&nbsp;&nbsp;GPIO_ReadInputDataBit
</UL>

<P><STRONG><a name="[ba]"></a>GET_ButtonADD</STRONG> (Thumb, 16 bytes, Stack size 8 bytes, keybd.o(.text), UNUSED)
<BR><BR>[Calls]<UL><LI><a href="#[6e]">&gt;&gt;</a>&nbsp;&nbsp;&nbsp;GPIO_ReadInputDataBit
</UL>

<P><STRONG><a name="[bb]"></a>GET_ButtonRST</STRONG> (Thumb, 14 bytes, Stack size 8 bytes, keybd.o(.text), UNUSED)
<BR><BR>[Calls]<UL><LI><a href="#[6e]">&gt;&gt;</a>&nbsp;&nbsp;&nbsp;GPIO_ReadInputDataBit
</UL>
<BR>[Called By]<UL><LI><a href="#[da]">&gt;&gt;</a>&nbsp;&nbsp;&nbsp;KEYBD_MAIN
</UL>

<P><STRONG><a name="[bc]"></a>GPIO_KBDLED</STRONG> (Thumb, 46 bytes, Stack size 16 bytes, keybd.o(.text), UNUSED)
<BR><BR>[Calls]<UL><LI><a href="#[36]">&gt;&gt;</a>&nbsp;&nbsp;&nbsp;RCC_AHBPeriphClockCmd
<LI><a href="#[37]">&gt;&gt;</a>&nbsp;&nbsp;&nbsp;GPIO_Init
</UL>
<BR>[Called By]<UL><LI><a href="#[bd]">&gt;&gt;</a>&nbsp;&nbsp;&nbsp;KEYBD_INIT
</UL>

<P><STRONG><a name="[d3]"></a>Disp_KBD</STRONG> (Thumb, 12 bytes, Stack size 0 bytes, keybd.o(.text), UNUSED)
<BR><BR>[Called By]<UL><LI><a href="#[d2]">&gt;&gt;</a>&nbsp;&nbsp;&nbsp;TSM12_Reading_Start
</UL>

<P><STRONG><a name="[173]"></a>Disp_KBD_Rst</STRONG> (Thumb, 10 bytes, Stack size 0 bytes, keybd.o(.text), UNUSED)

<P><STRONG><a name="[bd]"></a>KEYBD_INIT</STRONG> (Thumb, 16 bytes, Stack size 8 bytes, keybd.o(.text), UNUSED)
<BR><BR>[Calls]<UL><LI><a href="#[bc]">&gt;&gt;</a>&nbsp;&nbsp;&nbsp;GPIO_KBDLED
<LI><a href="#[b8]">&gt;&gt;</a>&nbsp;&nbsp;&nbsp;GPIO_INIT_LOGO
<LI><a href="#[b7]">&gt;&gt;</a>&nbsp;&nbsp;&nbsp;GPIO_INIT_RST
</UL>

<P><STRONG><a name="[4d]"></a>KEYBD_lp_INIT</STRONG> (Thumb, 12 bytes, Stack size 0 bytes, keybd.o(.text), UNUSED)
<BR><BR>[Called By]<UL><LI><a href="#[4c]">&gt;&gt;</a>&nbsp;&nbsp;&nbsp;Init_GPIO_LP
</UL>

<P><STRONG><a name="[be]"></a>GPIO_INIT_INT_TSM12</STRONG> (Thumb, 98 bytes, Stack size 24 bytes, keybd.o(.text), UNUSED)
<BR><BR>[Calls]<UL><LI><a href="#[a2]">&gt;&gt;</a>&nbsp;&nbsp;&nbsp;SYSCFG_EXTILineConfig
<LI><a href="#[a3]">&gt;&gt;</a>&nbsp;&nbsp;&nbsp;EXTI_Init
<LI><a href="#[3f]">&gt;&gt;</a>&nbsp;&nbsp;&nbsp;RCC_APB2PeriphClockCmd
<LI><a href="#[36]">&gt;&gt;</a>&nbsp;&nbsp;&nbsp;RCC_AHBPeriphClockCmd
<LI><a href="#[3e]">&gt;&gt;</a>&nbsp;&nbsp;&nbsp;NVIC_Init
<LI><a href="#[37]">&gt;&gt;</a>&nbsp;&nbsp;&nbsp;GPIO_Init
</UL>
<BR>[Called By]<UL><LI><a href="#[cd]">&gt;&gt;</a>&nbsp;&nbsp;&nbsp;TSM12_Init
</UL>

<P><STRONG><a name="[bf]"></a>GPIO_INIT_EN_TSM12</STRONG> (Thumb, 44 bytes, Stack size 16 bytes, keybd.o(.text), UNUSED)
<BR><BR>[Calls]<UL><LI><a href="#[36]">&gt;&gt;</a>&nbsp;&nbsp;&nbsp;RCC_AHBPeriphClockCmd
<LI><a href="#[37]">&gt;&gt;</a>&nbsp;&nbsp;&nbsp;GPIO_Init
</UL>
<BR>[Called By]<UL><LI><a href="#[cd]">&gt;&gt;</a>&nbsp;&nbsp;&nbsp;TSM12_Init
</UL>

<P><STRONG><a name="[c0]"></a>IIc_init_TSM12</STRONG> (Thumb, 42 bytes, Stack size 16 bytes, keybd.o(.text), UNUSED)
<BR><BR>[Calls]<UL><LI><a href="#[36]">&gt;&gt;</a>&nbsp;&nbsp;&nbsp;RCC_AHBPeriphClockCmd
<LI><a href="#[37]">&gt;&gt;</a>&nbsp;&nbsp;&nbsp;GPIO_Init
</UL>
<BR>[Called By]<UL><LI><a href="#[cd]">&gt;&gt;</a>&nbsp;&nbsp;&nbsp;TSM12_Init
</UL>

<P><STRONG><a name="[c1]"></a>IIC_WR_MODE_TSM12</STRONG> (Thumb, 48 bytes, Stack size 16 bytes, keybd.o(.text), UNUSED)
<BR><BR>[Calls]<UL><LI><a href="#[36]">&gt;&gt;</a>&nbsp;&nbsp;&nbsp;RCC_AHBPeriphClockCmd
<LI><a href="#[37]">&gt;&gt;</a>&nbsp;&nbsp;&nbsp;GPIO_Init
</UL>
<BR>[Called By]<UL><LI><a href="#[c9]">&gt;&gt;</a>&nbsp;&nbsp;&nbsp;IIC_WRITE_TSM12
<LI><a href="#[c7]">&gt;&gt;</a>&nbsp;&nbsp;&nbsp;IIC_WRITE_ACK_TSM12
<LI><a href="#[c6]">&gt;&gt;</a>&nbsp;&nbsp;&nbsp;STOP_CONDITION_TSM12
<LI><a href="#[c4]">&gt;&gt;</a>&nbsp;&nbsp;&nbsp;START_CONDITION_TSM12
</UL>

<P><STRONG><a name="[c2]"></a>IIC_RD_MODE_TSM12</STRONG> (Thumb, 38 bytes, Stack size 16 bytes, keybd.o(.text), UNUSED)
<BR><BR>[Calls]<UL><LI><a href="#[36]">&gt;&gt;</a>&nbsp;&nbsp;&nbsp;RCC_AHBPeriphClockCmd
<LI><a href="#[37]">&gt;&gt;</a>&nbsp;&nbsp;&nbsp;GPIO_Init
</UL>
<BR>[Called By]<UL><LI><a href="#[ca]">&gt;&gt;</a>&nbsp;&nbsp;&nbsp;IIC_READ_TSM12
<LI><a href="#[c8]">&gt;&gt;</a>&nbsp;&nbsp;&nbsp;IIC_READ_ACK_TSM12
</UL>

<P><STRONG><a name="[c5]"></a>IIC_DELAY_TSM12</STRONG> (Thumb, 12 bytes, Stack size 0 bytes, keybd.o(.text), UNUSED)
<BR><BR>[Called By]<UL><LI><a href="#[cc]">&gt;&gt;</a>&nbsp;&nbsp;&nbsp;GetIICRegister_TSM12
<LI><a href="#[ca]">&gt;&gt;</a>&nbsp;&nbsp;&nbsp;IIC_READ_TSM12
<LI><a href="#[c9]">&gt;&gt;</a>&nbsp;&nbsp;&nbsp;IIC_WRITE_TSM12
<LI><a href="#[c8]">&gt;&gt;</a>&nbsp;&nbsp;&nbsp;IIC_READ_ACK_TSM12
<LI><a href="#[c7]">&gt;&gt;</a>&nbsp;&nbsp;&nbsp;IIC_WRITE_ACK_TSM12
<LI><a href="#[c6]">&gt;&gt;</a>&nbsp;&nbsp;&nbsp;STOP_CONDITION_TSM12
<LI><a href="#[c4]">&gt;&gt;</a>&nbsp;&nbsp;&nbsp;START_CONDITION_TSM12
</UL>

<P><STRONG><a name="[c3]"></a>SDA_V_TSM12</STRONG> (Thumb, 12 bytes, Stack size 8 bytes, keybd.o(.text), UNUSED)
<BR><BR>[Calls]<UL><LI><a href="#[6e]">&gt;&gt;</a>&nbsp;&nbsp;&nbsp;GPIO_ReadInputDataBit
</UL>
<BR>[Called By]<UL><LI><a href="#[ca]">&gt;&gt;</a>&nbsp;&nbsp;&nbsp;IIC_READ_TSM12
<LI><a href="#[c8]">&gt;&gt;</a>&nbsp;&nbsp;&nbsp;IIC_READ_ACK_TSM12
</UL>

<P><STRONG><a name="[c4]"></a>START_CONDITION_TSM12</STRONG> (Thumb, 46 bytes, Stack size 8 bytes, keybd.o(.text), UNUSED)
<BR><BR>[Calls]<UL><LI><a href="#[c5]">&gt;&gt;</a>&nbsp;&nbsp;&nbsp;IIC_DELAY_TSM12
<LI><a href="#[c1]">&gt;&gt;</a>&nbsp;&nbsp;&nbsp;IIC_WR_MODE_TSM12
</UL>
<BR>[Called By]<UL><LI><a href="#[cc]">&gt;&gt;</a>&nbsp;&nbsp;&nbsp;GetIICRegister_TSM12
<LI><a href="#[cb]">&gt;&gt;</a>&nbsp;&nbsp;&nbsp;SetIICRegister_TSM12
</UL>

<P><STRONG><a name="[c6]"></a>STOP_CONDITION_TSM12</STRONG> (Thumb, 36 bytes, Stack size 8 bytes, keybd.o(.text), UNUSED)
<BR><BR>[Calls]<UL><LI><a href="#[c5]">&gt;&gt;</a>&nbsp;&nbsp;&nbsp;IIC_DELAY_TSM12
<LI><a href="#[c1]">&gt;&gt;</a>&nbsp;&nbsp;&nbsp;IIC_WR_MODE_TSM12
</UL>
<BR>[Called By]<UL><LI><a href="#[cc]">&gt;&gt;</a>&nbsp;&nbsp;&nbsp;GetIICRegister_TSM12
<LI><a href="#[cb]">&gt;&gt;</a>&nbsp;&nbsp;&nbsp;SetIICRegister_TSM12
</UL>

<P><STRONG><a name="[c7]"></a>IIC_WRITE_ACK_TSM12</STRONG> (Thumb, 46 bytes, Stack size 8 bytes, keybd.o(.text), UNUSED)
<BR><BR>[Calls]<UL><LI><a href="#[c5]">&gt;&gt;</a>&nbsp;&nbsp;&nbsp;IIC_DELAY_TSM12
<LI><a href="#[c1]">&gt;&gt;</a>&nbsp;&nbsp;&nbsp;IIC_WR_MODE_TSM12
</UL>

<P><STRONG><a name="[c8]"></a>IIC_READ_ACK_TSM12</STRONG> (Thumb, 50 bytes, Stack size 8 bytes, keybd.o(.text), UNUSED)
<BR><BR>[Calls]<UL><LI><a href="#[c3]">&gt;&gt;</a>&nbsp;&nbsp;&nbsp;SDA_V_TSM12
<LI><a href="#[c5]">&gt;&gt;</a>&nbsp;&nbsp;&nbsp;IIC_DELAY_TSM12
<LI><a href="#[c2]">&gt;&gt;</a>&nbsp;&nbsp;&nbsp;IIC_RD_MODE_TSM12
</UL>
<BR>[Called By]<UL><LI><a href="#[cc]">&gt;&gt;</a>&nbsp;&nbsp;&nbsp;GetIICRegister_TSM12
<LI><a href="#[c9]">&gt;&gt;</a>&nbsp;&nbsp;&nbsp;IIC_WRITE_TSM12
</UL>

<P><STRONG><a name="[c9]"></a>IIC_WRITE_TSM12</STRONG> (Thumb, 106 bytes, Stack size 16 bytes, keybd.o(.text), UNUSED)
<BR><BR>[Calls]<UL><LI><a href="#[c8]">&gt;&gt;</a>&nbsp;&nbsp;&nbsp;IIC_READ_ACK_TSM12
<LI><a href="#[c5]">&gt;&gt;</a>&nbsp;&nbsp;&nbsp;IIC_DELAY_TSM12
<LI><a href="#[c1]">&gt;&gt;</a>&nbsp;&nbsp;&nbsp;IIC_WR_MODE_TSM12
</UL>
<BR>[Called By]<UL><LI><a href="#[cc]">&gt;&gt;</a>&nbsp;&nbsp;&nbsp;GetIICRegister_TSM12
<LI><a href="#[cb]">&gt;&gt;</a>&nbsp;&nbsp;&nbsp;SetIICRegister_TSM12
</UL>

<P><STRONG><a name="[ca]"></a>IIC_READ_TSM12</STRONG> (Thumb, 64 bytes, Stack size 16 bytes, keybd.o(.text), UNUSED)
<BR><BR>[Calls]<UL><LI><a href="#[c3]">&gt;&gt;</a>&nbsp;&nbsp;&nbsp;SDA_V_TSM12
<LI><a href="#[c5]">&gt;&gt;</a>&nbsp;&nbsp;&nbsp;IIC_DELAY_TSM12
<LI><a href="#[c2]">&gt;&gt;</a>&nbsp;&nbsp;&nbsp;IIC_RD_MODE_TSM12
</UL>
<BR>[Called By]<UL><LI><a href="#[cc]">&gt;&gt;</a>&nbsp;&nbsp;&nbsp;GetIICRegister_TSM12
</UL>

<P><STRONG><a name="[cb]"></a>SetIICRegister_TSM12</STRONG> (Thumb, 144 bytes, Stack size 40 bytes, keybd.o(.text), UNUSED)
<BR><BR>[Calls]<UL><LI><a href="#[c9]">&gt;&gt;</a>&nbsp;&nbsp;&nbsp;IIC_WRITE_TSM12
<LI><a href="#[c6]">&gt;&gt;</a>&nbsp;&nbsp;&nbsp;STOP_CONDITION_TSM12
<LI><a href="#[c4]">&gt;&gt;</a>&nbsp;&nbsp;&nbsp;START_CONDITION_TSM12
</UL>
<BR>[Called By]<UL><LI><a href="#[d1]">&gt;&gt;</a>&nbsp;&nbsp;&nbsp;Exit_sleep_mode
<LI><a href="#[d0]">&gt;&gt;</a>&nbsp;&nbsp;&nbsp;Noise_State
<LI><a href="#[ce]">&gt;&gt;</a>&nbsp;&nbsp;&nbsp;Go_sleep_mode
<LI><a href="#[cd]">&gt;&gt;</a>&nbsp;&nbsp;&nbsp;TSM12_Init
</UL>

<P><STRONG><a name="[cc]"></a>GetIICRegister_TSM12</STRONG> (Thumb, 160 bytes, Stack size 40 bytes, keybd.o(.text), UNUSED)
<BR><BR>[Calls]<UL><LI><a href="#[ca]">&gt;&gt;</a>&nbsp;&nbsp;&nbsp;IIC_READ_TSM12
<LI><a href="#[c9]">&gt;&gt;</a>&nbsp;&nbsp;&nbsp;IIC_WRITE_TSM12
<LI><a href="#[c8]">&gt;&gt;</a>&nbsp;&nbsp;&nbsp;IIC_READ_ACK_TSM12
<LI><a href="#[c6]">&gt;&gt;</a>&nbsp;&nbsp;&nbsp;STOP_CONDITION_TSM12
<LI><a href="#[c4]">&gt;&gt;</a>&nbsp;&nbsp;&nbsp;START_CONDITION_TSM12
<LI><a href="#[c5]">&gt;&gt;</a>&nbsp;&nbsp;&nbsp;IIC_DELAY_TSM12
</UL>
<BR>[Called By]<UL><LI><a href="#[d2]">&gt;&gt;</a>&nbsp;&nbsp;&nbsp;TSM12_Reading_Start
</UL>

<P><STRONG><a name="[cd]"></a>TSM12_Init</STRONG> (Thumb, 160 bytes, Stack size 8 bytes, keybd.o(.text), UNUSED)
<BR><BR>[Calls]<UL><LI><a href="#[cb]">&gt;&gt;</a>&nbsp;&nbsp;&nbsp;SetIICRegister_TSM12
<LI><a href="#[c0]">&gt;&gt;</a>&nbsp;&nbsp;&nbsp;IIc_init_TSM12
<LI><a href="#[bf]">&gt;&gt;</a>&nbsp;&nbsp;&nbsp;GPIO_INIT_EN_TSM12
<LI><a href="#[be]">&gt;&gt;</a>&nbsp;&nbsp;&nbsp;GPIO_INIT_INT_TSM12
<LI><a href="#[55]">&gt;&gt;</a>&nbsp;&nbsp;&nbsp;delay_ms
</UL>

<P><STRONG><a name="[ce]"></a>Go_sleep_mode</STRONG> (Thumb, 14 bytes, Stack size 8 bytes, keybd.o(.text), UNUSED)
<BR><BR>[Calls]<UL><LI><a href="#[cb]">&gt;&gt;</a>&nbsp;&nbsp;&nbsp;SetIICRegister_TSM12
</UL>
<BR>[Called By]<UL><LI><a href="#[cf]">&gt;&gt;</a>&nbsp;&nbsp;&nbsp;TSM12_lp_Init
</UL>

<P><STRONG><a name="[cf]"></a>TSM12_lp_Init</STRONG> (Thumb, 18 bytes, Stack size 8 bytes, keybd.o(.text), UNUSED)
<BR><BR>[Calls]<UL><LI><a href="#[ce]">&gt;&gt;</a>&nbsp;&nbsp;&nbsp;Go_sleep_mode
</UL>

<P><STRONG><a name="[d0]"></a>Noise_State</STRONG> (Thumb, 24 bytes, Stack size 8 bytes, keybd.o(.text), UNUSED)
<BR><BR>[Calls]<UL><LI><a href="#[cb]">&gt;&gt;</a>&nbsp;&nbsp;&nbsp;SetIICRegister_TSM12
</UL>

<P><STRONG><a name="[d1]"></a>Exit_sleep_mode</STRONG> (Thumb, 14 bytes, Stack size 8 bytes, keybd.o(.text), UNUSED)
<BR><BR>[Calls]<UL><LI><a href="#[cb]">&gt;&gt;</a>&nbsp;&nbsp;&nbsp;SetIICRegister_TSM12
</UL>

<P><STRONG><a name="[d2]"></a>TSM12_Reading_Start</STRONG> (Thumb, 294 bytes, Stack size 16 bytes, keybd.o(.text), UNUSED)
<BR><BR>[Calls]<UL><LI><a href="#[cc]">&gt;&gt;</a>&nbsp;&nbsp;&nbsp;GetIICRegister_TSM12
<LI><a href="#[d3]">&gt;&gt;</a>&nbsp;&nbsp;&nbsp;Disp_KBD
</UL>

<P><STRONG><a name="[d6]"></a>Check_PassWord</STRONG> (Thumb, 56 bytes, Stack size 12 bytes, keybd.o(.text), UNUSED)
<BR><BR>[Called By]<UL><LI><a href="#[dd]">&gt;&gt;</a>&nbsp;&nbsp;&nbsp;LOCK_ADMIN_SET
<LI><a href="#[da]">&gt;&gt;</a>&nbsp;&nbsp;&nbsp;KEYBD_MAIN
<LI><a href="#[d7]">&gt;&gt;</a>&nbsp;&nbsp;&nbsp;PASSWORD_Enroll
<LI><a href="#[d5]">&gt;&gt;</a>&nbsp;&nbsp;&nbsp;USER_PassWordCheck
</UL>

<P><STRONG><a name="[d4]"></a>USER_GETPASSWORD</STRONG> (Thumb, 52 bytes, Stack size 8 bytes, keybd.o(.text), UNUSED)
<BR><BR>[Calls]<UL><LI><a href="#[56]">&gt;&gt;</a>&nbsp;&nbsp;&nbsp;statedelay
<LI><a href="#[9a]">&gt;&gt;</a>&nbsp;&nbsp;&nbsp;__aeabi_memcpy
</UL>
<BR>[Called By]<UL><LI><a href="#[d7]">&gt;&gt;</a>&nbsp;&nbsp;&nbsp;PASSWORD_Enroll
</UL>

<P><STRONG><a name="[d5]"></a>USER_PassWordCheck</STRONG> (Thumb, 64 bytes, Stack size 16 bytes, keybd.o(.text), UNUSED)
<BR><BR>[Calls]<UL><LI><a href="#[d6]">&gt;&gt;</a>&nbsp;&nbsp;&nbsp;Check_PassWord
<LI><a href="#[97]">&gt;&gt;</a>&nbsp;&nbsp;&nbsp;Flash_Read
</UL>
<BR>[Called By]<UL><LI><a href="#[d8]">&gt;&gt;</a>&nbsp;&nbsp;&nbsp;PASSWORD_Identify
</UL>

<P><STRONG><a name="[d7]"></a>PASSWORD_Enroll</STRONG> (Thumb, 112 bytes, Stack size 32 bytes, keybd.o(.text), UNUSED)
<BR><BR>[Calls]<UL><LI><a href="#[d4]">&gt;&gt;</a>&nbsp;&nbsp;&nbsp;USER_GETPASSWORD
<LI><a href="#[d6]">&gt;&gt;</a>&nbsp;&nbsp;&nbsp;Check_PassWord
<LI><a href="#[a0]">&gt;&gt;</a>&nbsp;&nbsp;&nbsp;USER_UPDATA_USERID
<LI><a href="#[9f]">&gt;&gt;</a>&nbsp;&nbsp;&nbsp;USER_Get_Enroll_USERID
<LI><a href="#[85]">&gt;&gt;</a>&nbsp;&nbsp;&nbsp;VOICE
<LI><a href="#[89]">&gt;&gt;</a>&nbsp;&nbsp;&nbsp;KeyBD_State_Rst
</UL>
<BR>[Called By]<UL><LI><a href="#[d9]">&gt;&gt;</a>&nbsp;&nbsp;&nbsp;PASSWORD_MAIN
</UL>

<P><STRONG><a name="[d8]"></a>PASSWORD_Identify</STRONG> (Thumb, 122 bytes, Stack size 8 bytes, keybd.o(.text), UNUSED)
<BR><BR>[Calls]<UL><LI><a href="#[d5]">&gt;&gt;</a>&nbsp;&nbsp;&nbsp;USER_PassWordCheck
<LI><a href="#[85]">&gt;&gt;</a>&nbsp;&nbsp;&nbsp;VOICE
<LI><a href="#[8c]">&gt;&gt;</a>&nbsp;&nbsp;&nbsp;MOTO_Forward
<LI><a href="#[89]">&gt;&gt;</a>&nbsp;&nbsp;&nbsp;KeyBD_State_Rst
</UL>
<BR>[Called By]<UL><LI><a href="#[d9]">&gt;&gt;</a>&nbsp;&nbsp;&nbsp;PASSWORD_MAIN
</UL>

<P><STRONG><a name="[d9]"></a>PASSWORD_MAIN</STRONG> (Thumb, 130 bytes, Stack size 8 bytes, keybd.o(.text), UNUSED)
<BR><BR>[Calls]<UL><LI><a href="#[d8]">&gt;&gt;</a>&nbsp;&nbsp;&nbsp;PASSWORD_Identify
<LI><a href="#[d7]">&gt;&gt;</a>&nbsp;&nbsp;&nbsp;PASSWORD_Enroll
<LI><a href="#[85]">&gt;&gt;</a>&nbsp;&nbsp;&nbsp;VOICE
<LI><a href="#[8e]">&gt;&gt;</a>&nbsp;&nbsp;&nbsp;ClearPassWord
</UL>
<BR>[Called By]<UL><LI><a href="#[dc]">&gt;&gt;</a>&nbsp;&nbsp;&nbsp;LOCK_MAIN
</UL>

<P><STRONG><a name="[da]"></a>KEYBD_MAIN</STRONG> (Thumb, 362 bytes, Stack size 8 bytes, keybd.o(.text), UNUSED)
<BR><BR>[Calls]<UL><LI><a href="#[d6]">&gt;&gt;</a>&nbsp;&nbsp;&nbsp;Check_PassWord
<LI><a href="#[bb]">&gt;&gt;</a>&nbsp;&nbsp;&nbsp;GET_ButtonRST
<LI><a href="#[b3]">&gt;&gt;</a>&nbsp;&nbsp;&nbsp;CmdEmpty
<LI><a href="#[a9]">&gt;&gt;</a>&nbsp;&nbsp;&nbsp;FP_POWER_ON
<LI><a href="#[94]">&gt;&gt;</a>&nbsp;&nbsp;&nbsp;Flash_Write
<LI><a href="#[85]">&gt;&gt;</a>&nbsp;&nbsp;&nbsp;VOICE
<LI><a href="#[89]">&gt;&gt;</a>&nbsp;&nbsp;&nbsp;KeyBD_State_Rst
<LI><a href="#[8e]">&gt;&gt;</a>&nbsp;&nbsp;&nbsp;ClearPassWord
<LI><a href="#[55]">&gt;&gt;</a>&nbsp;&nbsp;&nbsp;delay_ms
<LI><a href="#[db]">&gt;&gt;</a>&nbsp;&nbsp;&nbsp;__aeabi_memclr
</UL>

<P><STRONG><a name="[174]"></a>LOCK_MENU_1L</STRONG> (Thumb, 30 bytes, Stack size 0 bytes, lock.o(.text), UNUSED)

<P><STRONG><a name="[175]"></a>LOCK_MENU_2L</STRONG> (Thumb, 30 bytes, Stack size 0 bytes, lock.o(.text), UNUSED)

<P><STRONG><a name="[dc]"></a>LOCK_MAIN</STRONG> (Thumb, 16 bytes, Stack size 8 bytes, lock.o(.text), UNUSED)
<BR><BR>[Calls]<UL><LI><a href="#[d9]">&gt;&gt;</a>&nbsp;&nbsp;&nbsp;PASSWORD_MAIN
<LI><a href="#[b4]">&gt;&gt;</a>&nbsp;&nbsp;&nbsp;FP_MAIN
<LI><a href="#[8d]">&gt;&gt;</a>&nbsp;&nbsp;&nbsp;CARD_MAIN
</UL>

<P><STRONG><a name="[89]"></a>KeyBD_State_Rst</STRONG> (Thumb, 24 bytes, Stack size 8 bytes, lock.o(.text), UNUSED)
<BR><BR>[Calls]<UL><LI><a href="#[63]">&gt;&gt;</a>&nbsp;&nbsp;&nbsp;__aeabi_memset
</UL>
<BR>[Called By]<UL><LI><a href="#[dd]">&gt;&gt;</a>&nbsp;&nbsp;&nbsp;LOCK_ADMIN_SET
<LI><a href="#[da]">&gt;&gt;</a>&nbsp;&nbsp;&nbsp;KEYBD_MAIN
<LI><a href="#[d8]">&gt;&gt;</a>&nbsp;&nbsp;&nbsp;PASSWORD_Identify
<LI><a href="#[d7]">&gt;&gt;</a>&nbsp;&nbsp;&nbsp;PASSWORD_Enroll
<LI><a href="#[b0]">&gt;&gt;</a>&nbsp;&nbsp;&nbsp;CmdAutoEnroll
<LI><a href="#[8a]">&gt;&gt;</a>&nbsp;&nbsp;&nbsp;CARD_Identify
<LI><a href="#[86]">&gt;&gt;</a>&nbsp;&nbsp;&nbsp;CARD_Enroll
</UL>

<P><STRONG><a name="[8e]"></a>ClearPassWord</STRONG> (Thumb, 20 bytes, Stack size 8 bytes, lock.o(.text), UNUSED)
<BR><BR>[Calls]<UL><LI><a href="#[63]">&gt;&gt;</a>&nbsp;&nbsp;&nbsp;__aeabi_memset
</UL>
<BR>[Called By]<UL><LI><a href="#[dd]">&gt;&gt;</a>&nbsp;&nbsp;&nbsp;LOCK_ADMIN_SET
<LI><a href="#[da]">&gt;&gt;</a>&nbsp;&nbsp;&nbsp;KEYBD_MAIN
<LI><a href="#[d9]">&gt;&gt;</a>&nbsp;&nbsp;&nbsp;PASSWORD_MAIN
<LI><a href="#[b4]">&gt;&gt;</a>&nbsp;&nbsp;&nbsp;FP_MAIN
<LI><a href="#[8d]">&gt;&gt;</a>&nbsp;&nbsp;&nbsp;CARD_MAIN
</UL>

<P><STRONG><a name="[dd]"></a>LOCK_ADMIN_SET</STRONG> (Thumb, 230 bytes, Stack size 16 bytes, lock.o(.text), UNUSED)
<BR><BR>[Calls]<UL><LI><a href="#[d6]">&gt;&gt;</a>&nbsp;&nbsp;&nbsp;Check_PassWord
<LI><a href="#[9b]">&gt;&gt;</a>&nbsp;&nbsp;&nbsp;Set_ADMIN_PASSWORD
<LI><a href="#[99]">&gt;&gt;</a>&nbsp;&nbsp;&nbsp;Get_ADMIN_PASSWORD
<LI><a href="#[85]">&gt;&gt;</a>&nbsp;&nbsp;&nbsp;VOICE
<LI><a href="#[89]">&gt;&gt;</a>&nbsp;&nbsp;&nbsp;KeyBD_State_Rst
<LI><a href="#[8e]">&gt;&gt;</a>&nbsp;&nbsp;&nbsp;ClearPassWord
<LI><a href="#[55]">&gt;&gt;</a>&nbsp;&nbsp;&nbsp;delay_ms
<LI><a href="#[9a]">&gt;&gt;</a>&nbsp;&nbsp;&nbsp;__aeabi_memcpy
</UL>

<P><STRONG><a name="[50]"></a>LOCK_INIT</STRONG> (Thumb, 8 bytes, Stack size 8 bytes, lock.o(.text))
<BR><BR>[Stack]<UL><LI>Max Depth = 144<LI>Call Chain = LOCK_INIT &rArr; SYS_INIT &rArr; USART_INIT &rArr; USART_Init &rArr; RCC_GetClocksFreq
</UL>
<BR>[Calls]<UL><LI><a href="#[48]">&gt;&gt;</a>&nbsp;&nbsp;&nbsp;SYS_INIT
</UL>
<BR>[Called By]<UL><LI><a href="#[2f]">&gt;&gt;</a>&nbsp;&nbsp;&nbsp;main
<LI><a href="#[4e]">&gt;&gt;</a>&nbsp;&nbsp;&nbsp;MCU_SLEEP
</UL>

<P><STRONG><a name="[de]"></a>GPIO_INIT_MOTO</STRONG> (Thumb, 44 bytes, Stack size 16 bytes, moto.o(.text), UNUSED)
<BR><BR>[Calls]<UL><LI><a href="#[36]">&gt;&gt;</a>&nbsp;&nbsp;&nbsp;RCC_AHBPeriphClockCmd
<LI><a href="#[37]">&gt;&gt;</a>&nbsp;&nbsp;&nbsp;GPIO_Init
</UL>
<BR>[Called By]<UL><LI><a href="#[e2]">&gt;&gt;</a>&nbsp;&nbsp;&nbsp;MOTO_lp_INIT
<LI><a href="#[e1]">&gt;&gt;</a>&nbsp;&nbsp;&nbsp;MOTO_INIT
</UL>

<P><STRONG><a name="[57]"></a>led_init</STRONG> (Thumb, 58 bytes, Stack size 16 bytes, moto.o(.text))
<BR><BR>[Stack]<UL><LI>Max Depth = 36<LI>Call Chain = led_init &rArr; GPIO_Init
</UL>
<BR>[Calls]<UL><LI><a href="#[36]">&gt;&gt;</a>&nbsp;&nbsp;&nbsp;RCC_AHBPeriphClockCmd
<LI><a href="#[37]">&gt;&gt;</a>&nbsp;&nbsp;&nbsp;GPIO_Init
</UL>
<BR>[Called By]<UL><LI><a href="#[2f]">&gt;&gt;</a>&nbsp;&nbsp;&nbsp;main
</UL>

<P><STRONG><a name="[e0]"></a>MOTO_Standby</STRONG> (Thumb, 16 bytes, Stack size 0 bytes, moto.o(.text))
<BR><BR>[Called By]<UL><LI><a href="#[e2]">&gt;&gt;</a>&nbsp;&nbsp;&nbsp;MOTO_lp_INIT
<LI><a href="#[e1]">&gt;&gt;</a>&nbsp;&nbsp;&nbsp;MOTO_INIT
<LI><a href="#[8c]">&gt;&gt;</a>&nbsp;&nbsp;&nbsp;MOTO_Forward
<LI><a href="#[5c]">&gt;&gt;</a>&nbsp;&nbsp;&nbsp;MOTO_Back
</UL>

<P><STRONG><a name="[df]"></a>MOTO_Stop</STRONG> (Thumb, 14 bytes, Stack size 0 bytes, moto.o(.text))
<BR><BR>[Called By]<UL><LI><a href="#[8c]">&gt;&gt;</a>&nbsp;&nbsp;&nbsp;MOTO_Forward
<LI><a href="#[5c]">&gt;&gt;</a>&nbsp;&nbsp;&nbsp;MOTO_Back
</UL>

<P><STRONG><a name="[8c]"></a>MOTO_Forward</STRONG> (Thumb, 40 bytes, Stack size 8 bytes, moto.o(.text), UNUSED)
<BR><BR>[Calls]<UL><LI><a href="#[df]">&gt;&gt;</a>&nbsp;&nbsp;&nbsp;MOTO_Stop
<LI><a href="#[e0]">&gt;&gt;</a>&nbsp;&nbsp;&nbsp;MOTO_Standby
<LI><a href="#[55]">&gt;&gt;</a>&nbsp;&nbsp;&nbsp;delay_ms
</UL>
<BR>[Called By]<UL><LI><a href="#[d8]">&gt;&gt;</a>&nbsp;&nbsp;&nbsp;PASSWORD_Identify
<LI><a href="#[b1]">&gt;&gt;</a>&nbsp;&nbsp;&nbsp;CmdAutoIdentify
<LI><a href="#[8a]">&gt;&gt;</a>&nbsp;&nbsp;&nbsp;CARD_Identify
</UL>

<P><STRONG><a name="[5c]"></a>MOTO_Back</STRONG> (Thumb, 40 bytes, Stack size 8 bytes, moto.o(.text))
<BR><BR>[Stack]<UL><LI>Max Depth = 8<LI>Call Chain = MOTO_Back
</UL>
<BR>[Calls]<UL><LI><a href="#[df]">&gt;&gt;</a>&nbsp;&nbsp;&nbsp;MOTO_Stop
<LI><a href="#[e0]">&gt;&gt;</a>&nbsp;&nbsp;&nbsp;MOTO_Standby
<LI><a href="#[55]">&gt;&gt;</a>&nbsp;&nbsp;&nbsp;delay_ms
</UL>
<BR>[Called By]<UL><LI><a href="#[a]">&gt;&gt;</a>&nbsp;&nbsp;&nbsp;SysTick_Handler
</UL>

<P><STRONG><a name="[e1]"></a>MOTO_INIT</STRONG> (Thumb, 12 bytes, Stack size 8 bytes, moto.o(.text), UNUSED)
<BR><BR>[Calls]<UL><LI><a href="#[e0]">&gt;&gt;</a>&nbsp;&nbsp;&nbsp;MOTO_Standby
<LI><a href="#[de]">&gt;&gt;</a>&nbsp;&nbsp;&nbsp;GPIO_INIT_MOTO
</UL>

<P><STRONG><a name="[e2]"></a>MOTO_lp_INIT</STRONG> (Thumb, 12 bytes, Stack size 8 bytes, moto.o(.text), UNUSED)
<BR><BR>[Calls]<UL><LI><a href="#[e0]">&gt;&gt;</a>&nbsp;&nbsp;&nbsp;MOTO_Standby
<LI><a href="#[de]">&gt;&gt;</a>&nbsp;&nbsp;&nbsp;GPIO_INIT_MOTO
</UL>

<P><STRONG><a name="[e3]"></a>GPIO_INIT_VBusy</STRONG> (Thumb, 40 bytes, Stack size 16 bytes, voice.o(.text), UNUSED)
<BR><BR>[Calls]<UL><LI><a href="#[36]">&gt;&gt;</a>&nbsp;&nbsp;&nbsp;RCC_AHBPeriphClockCmd
<LI><a href="#[37]">&gt;&gt;</a>&nbsp;&nbsp;&nbsp;GPIO_Init
</UL>
<BR>[Called By]<UL><LI><a href="#[f4]">&gt;&gt;</a>&nbsp;&nbsp;&nbsp;VOICE_lp_INIT
<LI><a href="#[f3]">&gt;&gt;</a>&nbsp;&nbsp;&nbsp;VOICE_INIT
</UL>

<P><STRONG><a name="[e4]"></a>GET_VBusy_State</STRONG> (Thumb, 14 bytes, Stack size 8 bytes, voice.o(.text), UNUSED)
<BR><BR>[Calls]<UL><LI><a href="#[6e]">&gt;&gt;</a>&nbsp;&nbsp;&nbsp;GPIO_ReadInputDataBit
</UL>
<BR>[Called By]<UL><LI><a href="#[85]">&gt;&gt;</a>&nbsp;&nbsp;&nbsp;VOICE
</UL>

<P><STRONG><a name="[e5]"></a>IIc_init</STRONG> (Thumb, 42 bytes, Stack size 16 bytes, voice.o(.text), UNUSED)
<BR><BR>[Calls]<UL><LI><a href="#[36]">&gt;&gt;</a>&nbsp;&nbsp;&nbsp;RCC_AHBPeriphClockCmd
<LI><a href="#[37]">&gt;&gt;</a>&nbsp;&nbsp;&nbsp;GPIO_Init
</UL>
<BR>[Called By]<UL><LI><a href="#[f5]">&gt;&gt;</a>&nbsp;&nbsp;&nbsp;VOICE_test
<LI><a href="#[f4]">&gt;&gt;</a>&nbsp;&nbsp;&nbsp;VOICE_lp_INIT
<LI><a href="#[f3]">&gt;&gt;</a>&nbsp;&nbsp;&nbsp;VOICE_INIT
</UL>

<P><STRONG><a name="[e6]"></a>IIC_WR_MODE</STRONG> (Thumb, 42 bytes, Stack size 16 bytes, voice.o(.text), UNUSED)
<BR><BR>[Calls]<UL><LI><a href="#[36]">&gt;&gt;</a>&nbsp;&nbsp;&nbsp;RCC_AHBPeriphClockCmd
<LI><a href="#[37]">&gt;&gt;</a>&nbsp;&nbsp;&nbsp;GPIO_Init
</UL>
<BR>[Called By]<UL><LI><a href="#[ee]">&gt;&gt;</a>&nbsp;&nbsp;&nbsp;IIC_WRITE
<LI><a href="#[ec]">&gt;&gt;</a>&nbsp;&nbsp;&nbsp;IIC_WRITE_ACK
<LI><a href="#[eb]">&gt;&gt;</a>&nbsp;&nbsp;&nbsp;STOP_CONDITION
<LI><a href="#[e9]">&gt;&gt;</a>&nbsp;&nbsp;&nbsp;START_CONDITION
</UL>

<P><STRONG><a name="[e7]"></a>IIC_RD_MODE</STRONG> (Thumb, 38 bytes, Stack size 16 bytes, voice.o(.text), UNUSED)
<BR><BR>[Calls]<UL><LI><a href="#[36]">&gt;&gt;</a>&nbsp;&nbsp;&nbsp;RCC_AHBPeriphClockCmd
<LI><a href="#[37]">&gt;&gt;</a>&nbsp;&nbsp;&nbsp;GPIO_Init
</UL>
<BR>[Called By]<UL><LI><a href="#[ef]">&gt;&gt;</a>&nbsp;&nbsp;&nbsp;IIC_READ
<LI><a href="#[ed]">&gt;&gt;</a>&nbsp;&nbsp;&nbsp;IIC_READ_ACK
</UL>

<P><STRONG><a name="[ea]"></a>IIC_DELAY</STRONG> (Thumb, 12 bytes, Stack size 0 bytes, voice.o(.text), UNUSED)
<BR><BR>[Called By]<UL><LI><a href="#[f1]">&gt;&gt;</a>&nbsp;&nbsp;&nbsp;GetIICRegister
<LI><a href="#[ef]">&gt;&gt;</a>&nbsp;&nbsp;&nbsp;IIC_READ
<LI><a href="#[ee]">&gt;&gt;</a>&nbsp;&nbsp;&nbsp;IIC_WRITE
<LI><a href="#[ed]">&gt;&gt;</a>&nbsp;&nbsp;&nbsp;IIC_READ_ACK
<LI><a href="#[ec]">&gt;&gt;</a>&nbsp;&nbsp;&nbsp;IIC_WRITE_ACK
<LI><a href="#[eb]">&gt;&gt;</a>&nbsp;&nbsp;&nbsp;STOP_CONDITION
<LI><a href="#[e9]">&gt;&gt;</a>&nbsp;&nbsp;&nbsp;START_CONDITION
</UL>

<P><STRONG><a name="[e8]"></a>SDA_V</STRONG> (Thumb, 12 bytes, Stack size 8 bytes, voice.o(.text), UNUSED)
[...]
</UL>
<BR>[Calls]<UL><LI><a href="#[36]">&gt;&gt;</a>&nbsp;&nbsp;&nbsp;RCC_AHBPeriphClockCmd
<LI><a href="#[37]">&gt;&gt;</a>&nbsp;&nbsp;&nbsp;GPIO_Init
</UL>
<BR>[Called By]<UL><LI><a href="#[58]">&gt;&gt;</a>&nbsp;&nbsp;&nbsp;SX1276InitIo
</UL>

<P><STRONG><a name="[13a]"></a>Init_LoraIO_CS2</STRONG> (Thumb, 46 bytes, Stack size 16 bytes, sx1276_hal.o(.text))
<BR><BR>[Stack]<UL><LI>Max Depth = 36<LI>Call Chain = Init_LoraIO_CS2 &rArr; GPIO_Init
</UL>
<BR>[Calls]<UL><LI><a href="#[36]">&gt;&gt;</a>&nbsp;&nbsp;&nbsp;RCC_AHBPeriphClockCmd
<LI><a href="#[37]">&gt;&gt;</a>&nbsp;&nbsp;&nbsp;GPIO_Init
<LI><a href="#[13b]">&gt;&gt;</a>&nbsp;&nbsp;&nbsp;GPIO_SetBits
</UL>
<BR>[Called By]<UL><LI><a href="#[58]">&gt;&gt;</a>&nbsp;&nbsp;&nbsp;SX1276InitIo
</UL>

<P><STRONG><a name="[13c]"></a>Init_LoraIO_RST</STRONG> (Thumb, 42 bytes, Stack size 16 bytes, sx1276_hal.o(.text))
<BR><BR>[Stack]<UL><LI>Max Depth = 36<LI>Call Chain = Init_LoraIO_RST &rArr; GPIO_Init
</UL>
<BR>[Calls]<UL><LI><a href="#[36]">&gt;&gt;</a>&nbsp;&nbsp;&nbsp;RCC_AHBPeriphClockCmd
<LI><a href="#[37]">&gt;&gt;</a>&nbsp;&nbsp;&nbsp;GPIO_Init
</UL>
<BR>[Called By]<UL><LI><a href="#[58]">&gt;&gt;</a>&nbsp;&nbsp;&nbsp;SX1276InitIo
</UL>

<P><STRONG><a name="[13d]"></a>Init_LoraIO_DIO1</STRONG> (Thumb, 40 bytes, Stack size 16 bytes, sx1276_hal.o(.text))
<BR><BR>[Stack]<UL><LI>Max Depth = 36<LI>Call Chain = Init_LoraIO_DIO1 &rArr; GPIO_Init
</UL>
<BR>[Calls]<UL><LI><a href="#[36]">&gt;&gt;</a>&nbsp;&nbsp;&nbsp;RCC_AHBPeriphClockCmd
<LI><a href="#[37]">&gt;&gt;</a>&nbsp;&nbsp;&nbsp;GPIO_Init
</UL>
<BR>[Called By]<UL><LI><a href="#[58]">&gt;&gt;</a>&nbsp;&nbsp;&nbsp;SX1276InitIo
</UL>

<P><STRONG><a name="[135]"></a>Init_LoraIO_DIO1_EXTIoff</STRONG> (Thumb, 40 bytes, Stack size 16 bytes, sx1276_hal.o(.text), UNUSED)
<BR><BR>[Calls]<UL><LI><a href="#[36]">&gt;&gt;</a>&nbsp;&nbsp;&nbsp;RCC_AHBPeriphClockCmd
<LI><a href="#[37]">&gt;&gt;</a>&nbsp;&nbsp;&nbsp;GPIO_Init
</UL>
<BR>[Called By]<UL><LI><a href="#[134]">&gt;&gt;</a>&nbsp;&nbsp;&nbsp;RF_WOR_Exit
</UL>

<P><STRONG><a name="[13e]"></a>Init_LoraIO_DIO3</STRONG> (Thumb, 46 bytes, Stack size 16 bytes, sx1276_hal.o(.text))
<BR><BR>[Stack]<UL><LI>Max Depth = 36<LI>Call Chain = Init_LoraIO_DIO3 &rArr; GPIO_Init
</UL>
<BR>[Calls]<UL><LI><a href="#[3f]">&gt;&gt;</a>&nbsp;&nbsp;&nbsp;RCC_APB2PeriphClockCmd
<LI><a href="#[36]">&gt;&gt;</a>&nbsp;&nbsp;&nbsp;RCC_AHBPeriphClockCmd
<LI><a href="#[37]">&gt;&gt;</a>&nbsp;&nbsp;&nbsp;GPIO_Init
</UL>
<BR>[Called By]<UL><LI><a href="#[58]">&gt;&gt;</a>&nbsp;&nbsp;&nbsp;SX1276InitIo
</UL>

<P><STRONG><a name="[136]"></a>Init_LoraIO_DIO3_EXTIoff</STRONG> (Thumb, 46 bytes, Stack size 16 bytes, sx1276_hal.o(.text), UNUSED)
<BR><BR>[Calls]<UL><LI><a href="#[3f]">&gt;&gt;</a>&nbsp;&nbsp;&nbsp;RCC_APB2PeriphClockCmd
<LI><a href="#[36]">&gt;&gt;</a>&nbsp;&nbsp;&nbsp;RCC_AHBPeriphClockCmd
<LI><a href="#[37]">&gt;&gt;</a>&nbsp;&nbsp;&nbsp;GPIO_Init
</UL>
<BR>[Called By]<UL><LI><a href="#[134]">&gt;&gt;</a>&nbsp;&nbsp;&nbsp;RF_WOR_Exit
</UL>

<P><STRONG><a name="[131]"></a>Init_LoraIO_DIO0</STRONG> (Thumb, 102 bytes, Stack size 24 bytes, sx1276_hal.o(.text))
<BR><BR>[Stack]<UL><LI>Max Depth = 44<LI>Call Chain = Init_LoraIO_DIO0 &rArr; GPIO_Init
</UL>
<BR>[Calls]<UL><LI><a href="#[a2]">&gt;&gt;</a>&nbsp;&nbsp;&nbsp;SYSCFG_EXTILineConfig
<LI><a href="#[a3]">&gt;&gt;</a>&nbsp;&nbsp;&nbsp;EXTI_Init
<LI><a href="#[3f]">&gt;&gt;</a>&nbsp;&nbsp;&nbsp;RCC_APB2PeriphClockCmd
<LI><a href="#[36]">&gt;&gt;</a>&nbsp;&nbsp;&nbsp;RCC_AHBPeriphClockCmd
<LI><a href="#[3e]">&gt;&gt;</a>&nbsp;&nbsp;&nbsp;NVIC_Init
<LI><a href="#[37]">&gt;&gt;</a>&nbsp;&nbsp;&nbsp;GPIO_Init
</UL>
<BR>[Called By]<UL><LI><a href="#[65]">&gt;&gt;</a>&nbsp;&nbsp;&nbsp;RF_RXmode
<LI><a href="#[58]">&gt;&gt;</a>&nbsp;&nbsp;&nbsp;SX1276InitIo
<LI><a href="#[134]">&gt;&gt;</a>&nbsp;&nbsp;&nbsp;RF_WOR_Exit
</UL>

<P><STRONG><a name="[130]"></a>Init_LoraIO_DIO0_EXTIoff</STRONG> (Thumb, 104 bytes, Stack size 24 bytes, sx1276_hal.o(.text))
<BR><BR>[Stack]<UL><LI>Max Depth = 44<LI>Call Chain = Init_LoraIO_DIO0_EXTIoff &rArr; GPIO_Init
</UL>
<BR>[Calls]<UL><LI><a href="#[a2]">&gt;&gt;</a>&nbsp;&nbsp;&nbsp;SYSCFG_EXTILineConfig
<LI><a href="#[a3]">&gt;&gt;</a>&nbsp;&nbsp;&nbsp;EXTI_Init
<LI><a href="#[3f]">&gt;&gt;</a>&nbsp;&nbsp;&nbsp;RCC_APB2PeriphClockCmd
<LI><a href="#[36]">&gt;&gt;</a>&nbsp;&nbsp;&nbsp;RCC_AHBPeriphClockCmd
<LI><a href="#[3e]">&gt;&gt;</a>&nbsp;&nbsp;&nbsp;NVIC_Init
<LI><a href="#[37]">&gt;&gt;</a>&nbsp;&nbsp;&nbsp;GPIO_Init
</UL>
<BR>[Called By]<UL><LI><a href="#[64]">&gt;&gt;</a>&nbsp;&nbsp;&nbsp;RF_SendPacket
<LI><a href="#[137]">&gt;&gt;</a>&nbsp;&nbsp;&nbsp;RF_Awake
</UL>

<P><STRONG><a name="[58]"></a>SX1276InitIo</STRONG> (Thumb, 32 bytes, Stack size 8 bytes, sx1276_hal.o(.text))
<BR><BR>[Stack]<UL><LI>Max Depth = 52<LI>Call Chain = SX1276InitIo &rArr; Init_LoraIO_DIO0 &rArr; GPIO_Init
</UL>
<BR>[Calls]<UL><LI><a href="#[13e]">&gt;&gt;</a>&nbsp;&nbsp;&nbsp;Init_LoraIO_DIO3
<LI><a href="#[13d]">&gt;&gt;</a>&nbsp;&nbsp;&nbsp;Init_LoraIO_DIO1
<LI><a href="#[13c]">&gt;&gt;</a>&nbsp;&nbsp;&nbsp;Init_LoraIO_RST
<LI><a href="#[13a]">&gt;&gt;</a>&nbsp;&nbsp;&nbsp;Init_LoraIO_CS2
<LI><a href="#[139]">&gt;&gt;</a>&nbsp;&nbsp;&nbsp;Init_LoraIO_CS
<LI><a href="#[138]">&gt;&gt;</a>&nbsp;&nbsp;&nbsp;Init_LoraIO_PW
<LI><a href="#[131]">&gt;&gt;</a>&nbsp;&nbsp;&nbsp;Init_LoraIO_DIO0
</UL>
<BR>[Called By]<UL><LI><a href="#[2f]">&gt;&gt;</a>&nbsp;&nbsp;&nbsp;main
<LI><a href="#[120]">&gt;&gt;</a>&nbsp;&nbsp;&nbsp;SX127x_init
</UL>

<P><STRONG><a name="[129]"></a>SX1276SPISetup</STRONG> (Thumb, 16 bytes, Stack size 8 bytes, sx1276_hal.o(.text))
<BR><BR>[Stack]<UL><LI>Max Depth = 8<LI>Call Chain = SX1276SPISetup
</UL>
<BR>[Calls]<UL><LI><a href="#[13b]">&gt;&gt;</a>&nbsp;&nbsp;&nbsp;GPIO_SetBits
</UL>
<BR>[Called By]<UL><LI><a href="#[120]">&gt;&gt;</a>&nbsp;&nbsp;&nbsp;SX127x_init
</UL>

<P><STRONG><a name="[128]"></a>SX1276Reset</STRONG> (Thumb, 40 bytes, Stack size 8 bytes, sx1276_hal.o(.text))
<BR><BR>[Stack]<UL><LI>Max Depth = 8<LI>Call Chain = SX1276Reset
</UL>
<BR>[Calls]<UL><LI><a href="#[55]">&gt;&gt;</a>&nbsp;&nbsp;&nbsp;delay_ms
<LI><a href="#[13f]">&gt;&gt;</a>&nbsp;&nbsp;&nbsp;GPIO_ResetBits
<LI><a href="#[13b]">&gt;&gt;</a>&nbsp;&nbsp;&nbsp;GPIO_SetBits
</UL>
<BR>[Called By]<UL><LI><a href="#[120]">&gt;&gt;</a>&nbsp;&nbsp;&nbsp;SX127x_init
</UL>

<P><STRONG><a name="[140]"></a>SPI_SendData</STRONG> (Thumb, 28 bytes, Stack size 8 bytes, sx1276_hal.o(.text))
<BR><BR>[Stack]<UL><LI>Max Depth = 8<LI>Call Chain = SPI_SendData
</UL>
<BR>[Calls]<UL><LI><a href="#[141]">&gt;&gt;</a>&nbsp;&nbsp;&nbsp;SPI_I2S_GetFlagStatus
<LI><a href="#[142]">&gt;&gt;</a>&nbsp;&nbsp;&nbsp;SPI_SendData8
</UL>
<BR>[Called By]<UL><LI><a href="#[12b]">&gt;&gt;</a>&nbsp;&nbsp;&nbsp;SX1276WriteBuffer
<LI><a href="#[145]">&gt;&gt;</a>&nbsp;&nbsp;&nbsp;SX1276ReadBuffer
</UL>

<P><STRONG><a name="[12b]"></a>SX1276WriteBuffer</STRONG> (Thumb, 68 bytes, Stack size 24 bytes, sx1276_hal.o(.text))
<BR><BR>[Stack]<UL><LI>Max Depth = 32<LI>Call Chain = SX1276WriteBuffer &rArr; SPI_SendData
</UL>
<BR>[Calls]<UL><LI><a href="#[68]">&gt;&gt;</a>&nbsp;&nbsp;&nbsp;delay_us
<LI><a href="#[13f]">&gt;&gt;</a>&nbsp;&nbsp;&nbsp;GPIO_ResetBits
<LI><a href="#[13b]">&gt;&gt;</a>&nbsp;&nbsp;&nbsp;GPIO_SetBits
<LI><a href="#[140]">&gt;&gt;</a>&nbsp;&nbsp;&nbsp;SPI_SendData
</UL>
<BR>[Called By]<UL><LI><a href="#[126]">&gt;&gt;</a>&nbsp;&nbsp;&nbsp;SX1276Write
<LI><a href="#[12a]">&gt;&gt;</a>&nbsp;&nbsp;&nbsp;SX1276_TxPacket
<LI><a href="#[146]">&gt;&gt;</a>&nbsp;&nbsp;&nbsp;SX1276WriteFifo
<LI><a href="#[137]">&gt;&gt;</a>&nbsp;&nbsp;&nbsp;RF_Awake
</UL>

<P><STRONG><a name="[143]"></a>SPI_ReceiveData</STRONG> (Thumb, 46 bytes, Stack size 8 bytes, sx1276_hal.o(.text))
<BR><BR>[Stack]<UL><LI>Max Depth = 8<LI>Call Chain = SPI_ReceiveData
</UL>
<BR>[Calls]<UL><LI><a href="#[141]">&gt;&gt;</a>&nbsp;&nbsp;&nbsp;SPI_I2S_GetFlagStatus
<LI><a href="#[144]">&gt;&gt;</a>&nbsp;&nbsp;&nbsp;SPI_ReceiveData8
<LI><a href="#[142]">&gt;&gt;</a>&nbsp;&nbsp;&nbsp;SPI_SendData8
</UL>
<BR>[Called By]<UL><LI><a href="#[145]">&gt;&gt;</a>&nbsp;&nbsp;&nbsp;SX1276ReadBuffer
</UL>

<P><STRONG><a name="[145]"></a>SX1276ReadBuffer</STRONG> (Thumb, 66 bytes, Stack size 24 bytes, sx1276_hal.o(.text))
<BR><BR>[Stack]<UL><LI>Max Depth = 32<LI>Call Chain = SX1276ReadBuffer &rArr; SPI_ReceiveData
</UL>
<BR>[Calls]<UL><LI><a href="#[68]">&gt;&gt;</a>&nbsp;&nbsp;&nbsp;delay_us
<LI><a href="#[13f]">&gt;&gt;</a>&nbsp;&nbsp;&nbsp;GPIO_ResetBits
<LI><a href="#[13b]">&gt;&gt;</a>&nbsp;&nbsp;&nbsp;GPIO_SetBits
<LI><a href="#[143]">&gt;&gt;</a>&nbsp;&nbsp;&nbsp;SPI_ReceiveData
<LI><a href="#[140]">&gt;&gt;</a>&nbsp;&nbsp;&nbsp;SPI_SendData
</UL>
<BR>[Called By]<UL><LI><a href="#[12e]">&gt;&gt;</a>&nbsp;&nbsp;&nbsp;SX1276ReadFifo
<LI><a href="#[127]">&gt;&gt;</a>&nbsp;&nbsp;&nbsp;SX1276Read
</UL>

<P><STRONG><a name="[126]"></a>SX1276Write</STRONG> (Thumb, 16 bytes, Stack size 16 bytes, sx1276_hal.o(.text))
<BR><BR>[Stack]<UL><LI>Max Depth = 48<LI>Call Chain = SX1276Write &rArr; SX1276WriteBuffer &rArr; SPI_SendData
</UL>
<BR>[Calls]<UL><LI><a href="#[12b]">&gt;&gt;</a>&nbsp;&nbsp;&nbsp;SX1276WriteBuffer
</UL>
<BR>[Called By]<UL><LI><a href="#[67]">&gt;&gt;</a>&nbsp;&nbsp;&nbsp;RF_Sleepmode
<LI><a href="#[62]">&gt;&gt;</a>&nbsp;&nbsp;&nbsp;RF_RxFixiPacket
<LI><a href="#[12f]">&gt;&gt;</a>&nbsp;&nbsp;&nbsp;LSD_RF_SleepMode
<LI><a href="#[12d]">&gt;&gt;</a>&nbsp;&nbsp;&nbsp;RF_RxVariPacket
<LI><a href="#[12c]">&gt;&gt;</a>&nbsp;&nbsp;&nbsp;Rx_mode
<LI><a href="#[12a]">&gt;&gt;</a>&nbsp;&nbsp;&nbsp;SX1276_TxPacket
<LI><a href="#[125]">&gt;&gt;</a>&nbsp;&nbsp;&nbsp;LSD_RF_StandbyMode
<LI><a href="#[120]">&gt;&gt;</a>&nbsp;&nbsp;&nbsp;SX127x_init
<LI><a href="#[121]">&gt;&gt;</a>&nbsp;&nbsp;&nbsp;RF_FreqSet
<LI><a href="#[137]">&gt;&gt;</a>&nbsp;&nbsp;&nbsp;RF_Awake
<LI><a href="#[134]">&gt;&gt;</a>&nbsp;&nbsp;&nbsp;RF_WOR_Exit
<LI><a href="#[133]">&gt;&gt;</a>&nbsp;&nbsp;&nbsp;RF_CAD_Sample
<LI><a href="#[132]">&gt;&gt;</a>&nbsp;&nbsp;&nbsp;RF_CADinit
</UL>

<P><STRONG><a name="[127]"></a>SX1276Read</STRONG> (Thumb, 18 bytes, Stack size 16 bytes, sx1276_hal.o(.text))
<BR><BR>[Stack]<UL><LI>Max Depth = 48<LI>Call Chain = SX1276Read &rArr; SX1276ReadBuffer &rArr; SPI_ReceiveData
</UL>
<BR>[Calls]<UL><LI><a href="#[145]">&gt;&gt;</a>&nbsp;&nbsp;&nbsp;SX1276ReadBuffer
</UL>
<BR>[Called By]<UL><LI><a href="#[12d]">&gt;&gt;</a>&nbsp;&nbsp;&nbsp;RF_RxVariPacket
<LI><a href="#[120]">&gt;&gt;</a>&nbsp;&nbsp;&nbsp;SX127x_init
<LI><a href="#[121]">&gt;&gt;</a>&nbsp;&nbsp;&nbsp;RF_FreqSet
</UL>

<P><STRONG><a name="[146]"></a>SX1276WriteFifo</STRONG> (Thumb, 18 bytes, Stack size 16 bytes, sx1276_hal.o(.text), UNUSED)
<BR><BR>[Calls]<UL><LI><a href="#[12b]">&gt;&gt;</a>&nbsp;&nbsp;&nbsp;SX1276WriteBuffer
</UL>

<P><STRONG><a name="[12e]"></a>SX1276ReadFifo</STRONG> (Thumb, 18 bytes, Stack size 16 bytes, sx1276_hal.o(.text))
<BR><BR>[Stack]<UL><LI>Max Depth = 48<LI>Call Chain = SX1276ReadFifo &rArr; SX1276ReadBuffer &rArr; SPI_ReceiveData
</UL>
<BR>[Calls]<UL><LI><a href="#[145]">&gt;&gt;</a>&nbsp;&nbsp;&nbsp;SX1276ReadBuffer
</UL>
<BR>[Called By]<UL><LI><a href="#[62]">&gt;&gt;</a>&nbsp;&nbsp;&nbsp;RF_RxFixiPacket
<LI><a href="#[12d]">&gt;&gt;</a>&nbsp;&nbsp;&nbsp;RF_RxVariPacket
</UL>

<P><STRONG><a name="[9a]"></a>__aeabi_memcpy</STRONG> (Thumb, 130 bytes, Stack size 24 bytes, rt_memcpy.o(.text), UNUSED)
<BR><BR>[Calls]<UL><LI><a href="#[124]">&gt;&gt;</a>&nbsp;&nbsp;&nbsp;__aeabi_memcpy4
</UL>
<BR>[Called By]<UL><LI><a href="#[dd]">&gt;&gt;</a>&nbsp;&nbsp;&nbsp;LOCK_ADMIN_SET
<LI><a href="#[d4]">&gt;&gt;</a>&nbsp;&nbsp;&nbsp;USER_GETPASSWORD
<LI><a href="#[af]">&gt;&gt;</a>&nbsp;&nbsp;&nbsp;FP_RcvDeal
<LI><a href="#[ae]">&gt;&gt;</a>&nbsp;&nbsp;&nbsp;FP_SendCmd_Empty
<LI><a href="#[ad]">&gt;&gt;</a>&nbsp;&nbsp;&nbsp;FP_SendCmd_DeleteChar
<LI><a href="#[ac]">&gt;&gt;</a>&nbsp;&nbsp;&nbsp;FP_SendCmd_AutoEnroll
<LI><a href="#[aa]">&gt;&gt;</a>&nbsp;&nbsp;&nbsp;FP_SendCmd_AutoIdentify
<LI><a href="#[a0]">&gt;&gt;</a>&nbsp;&nbsp;&nbsp;USER_UPDATA_USERID
<LI><a href="#[9d]">&gt;&gt;</a>&nbsp;&nbsp;&nbsp;FP_UPDATA_FPID
<LI><a href="#[9b]">&gt;&gt;</a>&nbsp;&nbsp;&nbsp;Set_ADMIN_PASSWORD
<LI><a href="#[99]">&gt;&gt;</a>&nbsp;&nbsp;&nbsp;Get_ADMIN_PASSWORD
<LI><a href="#[88]">&gt;&gt;</a>&nbsp;&nbsp;&nbsp;CARD_UPDATA_CARDID
<LI><a href="#[123]">&gt;&gt;</a>&nbsp;&nbsp;&nbsp;RF_PackRcv
</UL>

<P><STRONG><a name="[245]"></a>__rt_memcpy</STRONG> (Thumb, 0 bytes, Stack size 24 bytes, rt_memcpy.o(.text), UNUSED)

<P><STRONG><a name="[63]"></a>__aeabi_memset</STRONG> (Thumb, 18 bytes, Stack size 8 bytes, aeabi_memset.o(.text))
<BR><BR>[Stack]<UL><LI>Max Depth = 8<LI>Call Chain = __aeabi_memset
</UL>
<BR>[Calls]<UL><LI><a href="#[147]">&gt;&gt;</a>&nbsp;&nbsp;&nbsp;_memset
</UL>
<BR>[Called By]<UL><LI><a href="#[89]">&gt;&gt;</a>&nbsp;&nbsp;&nbsp;KeyBD_State_Rst
<LI><a href="#[8e]">&gt;&gt;</a>&nbsp;&nbsp;&nbsp;ClearPassWord
<LI><a href="#[11]">&gt;&gt;</a>&nbsp;&nbsp;&nbsp;EXTI4_15_IRQHandler
</UL>

<P><STRONG><a name="[148]"></a>_memset_w</STRONG> (Thumb, 26 bytes, Stack size 0 bytes, rt_memclr.o(.text))
<BR><BR>[Called By]<UL><LI><a href="#[149]">&gt;&gt;</a>&nbsp;&nbsp;&nbsp;__rt_memclr_w
<LI><a href="#[147]">&gt;&gt;</a>&nbsp;&nbsp;&nbsp;_memset
</UL>

<P><STRONG><a name="[147]"></a>_memset</STRONG> (Thumb, 30 bytes, Stack size 0 bytes, rt_memclr.o(.text))
<BR><BR>[Calls]<UL><LI><a href="#[148]">&gt;&gt;</a>&nbsp;&nbsp;&nbsp;_memset_w
</UL>
<BR>[Called By]<UL><LI><a href="#[db]">&gt;&gt;</a>&nbsp;&nbsp;&nbsp;__aeabi_memclr
<LI><a href="#[63]">&gt;&gt;</a>&nbsp;&nbsp;&nbsp;__aeabi_memset
</UL>

<P><STRONG><a name="[db]"></a>__aeabi_memclr</STRONG> (Thumb, 4 bytes, Stack size 0 bytes, rt_memclr.o(.text), UNUSED)
<BR><BR>[Calls]<UL><LI><a href="#[147]">&gt;&gt;</a>&nbsp;&nbsp;&nbsp;_memset
</UL>
<BR>[Called By]<UL><LI><a href="#[da]">&gt;&gt;</a>&nbsp;&nbsp;&nbsp;KEYBD_MAIN
</UL>

<P><STRONG><a name="[246]"></a>__rt_memclr</STRONG> (Thumb, 0 bytes, Stack size 0 bytes, rt_memclr.o(.text), UNUSED)

<P><STRONG><a name="[247]"></a>__aeabi_memclr4</STRONG> (Thumb, 0 bytes, Stack size 0 bytes, rt_memclr.o(.text), UNUSED)

<P><STRONG><a name="[248]"></a>__aeabi_memclr8</STRONG> (Thumb, 0 bytes, Stack size 0 bytes, rt_memclr.o(.text), UNUSED)

<P><STRONG><a name="[149]"></a>__rt_memclr_w</STRONG> (Thumb, 4 bytes, Stack size 0 bytes, rt_memclr.o(.text), UNUSED)
<BR><BR>[Calls]<UL><LI><a href="#[148]">&gt;&gt;</a>&nbsp;&nbsp;&nbsp;_memset_w
</UL>

<P><STRONG><a name="[249]"></a>__aeabi_uidiv</STRONG> (Thumb, 0 bytes, Stack size 0 bytes, aeabi_sdiv.o(.text), UNUSED)

<P><STRONG><a name="[46]"></a>__aeabi_uidivmod</STRONG> (Thumb, 20 bytes, Stack size 0 bytes, aeabi_sdiv.o(.text))
<BR><BR>[Called By]<UL><LI><a href="#[6b]">&gt;&gt;</a>&nbsp;&nbsp;&nbsp;SystemCoreClockUpdate
<LI><a href="#[41]">&gt;&gt;</a>&nbsp;&nbsp;&nbsp;USART_Init
<LI><a href="#[45]">&gt;&gt;</a>&nbsp;&nbsp;&nbsp;SYSTICK_INIT
<LI><a href="#[10d]">&gt;&gt;</a>&nbsp;&nbsp;&nbsp;I2S_Init
<LI><a href="#[10a]">&gt;&gt;</a>&nbsp;&nbsp;&nbsp;RCC_GetClocksFreq
</UL>

<P><STRONG><a name="[24a]"></a>__aeabi_idiv</STRONG> (Thumb, 0 bytes, Stack size 8 bytes, aeabi_sdiv.o(.text), UNUSED)

<P><STRONG><a name="[24b]"></a>__aeabi_idivmod</STRONG> (Thumb, 326 bytes, Stack size 8 bytes, aeabi_sdiv.o(.text), UNUSED)

<P><STRONG><a name="[24c]"></a>__use_two_region_memory</STRONG> (Thumb, 2 bytes, Stack size 0 bytes, heapauxi.o(.text), UNUSED)

<P><STRONG><a name="[24d]"></a>__rt_heap_escrow$2region</STRONG> (Thumb, 2 bytes, Stack size 0 bytes, heapauxi.o(.text), UNUSED)

<P><STRONG><a name="[24e]"></a>__rt_heap_expand$2region</STRONG> (Thumb, 2 bytes, Stack size 0 bytes, heapauxi.o(.text), UNUSED)

<P><STRONG><a name="[2b]"></a>__user_setup_stackheap</STRONG> (Thumb, 62 bytes, Stack size 8 bytes, sys_stackheap_outer.o(.text))
<BR><BR>[Stack]<UL><LI>Max Depth = 8 + Unknown Stack Size
<LI>Call Chain = __user_setup_stackheap
</UL>
<BR>[Calls]<UL><LI><a href="#[14b]">&gt;&gt;</a>&nbsp;&nbsp;&nbsp;__user_initial_stackheap
<LI><a href="#[14a]">&gt;&gt;</a>&nbsp;&nbsp;&nbsp;__user_perproc_libspace
</UL>
<BR>[Called By]<UL><LI><a href="#[2a]">&gt;&gt;</a>&nbsp;&nbsp;&nbsp;__rt_entry_sh
</UL>

<P><STRONG><a name="[30]"></a>exit</STRONG> (Thumb, 12 bytes, Stack size 0 bytes, exit.o(.text))
<BR><BR>[Calls]<UL><LI><a href="#[14d]">&gt;&gt;</a>&nbsp;&nbsp;&nbsp;__rt_exit
<LI><a href="#[14c]">&gt;&gt;</a>&nbsp;&nbsp;&nbsp;_call_atexit_fns (Weak Reference)
</UL>
<BR>[Called By]<UL><LI><a href="#[2e]">&gt;&gt;</a>&nbsp;&nbsp;&nbsp;__rt_entry_main
</UL>

<P><STRONG><a name="[24f]"></a>__user_libspace</STRONG> (Thumb, 8 bytes, Stack size 0 bytes, libspace.o(.text), UNUSED)

<P><STRONG><a name="[14a]"></a>__user_perproc_libspace</STRONG> (Thumb, 0 bytes, Stack size 0 bytes, libspace.o(.text))
<BR><BR>[Called By]<UL><LI><a href="#[2b]">&gt;&gt;</a>&nbsp;&nbsp;&nbsp;__user_setup_stackheap
</UL>

<P><STRONG><a name="[250]"></a>__user_perthread_libspace</STRONG> (Thumb, 0 bytes, Stack size 0 bytes, libspace.o(.text), UNUSED)

<P><STRONG><a name="[34]"></a>_sys_exit</STRONG> (Thumb, 8 bytes, Stack size 0 bytes, sys_exit.o(.text))
<BR><BR>[Called By]<UL><LI><a href="#[33]">&gt;&gt;</a>&nbsp;&nbsp;&nbsp;__rt_exit_exit
</UL>

<P><STRONG><a name="[251]"></a>__I$use$semihosting</STRONG> (Thumb, 0 bytes, Stack size 0 bytes, use_no_semi.o(.text), UNUSED)

<P><STRONG><a name="[252]"></a>__use_no_semihosting_swi</STRONG> (Thumb, 2 bytes, Stack size 0 bytes, use_no_semi.o(.text), UNUSED)

<P><STRONG><a name="[253]"></a>__semihosting_library_function</STRONG> (Thumb, 0 bytes, Stack size unknown bytes, indicate_semi.o(.text), UNUSED)
<P>
<H3>
Local Symbols
</H3>
<P><STRONG><a name="[47]"></a>NVIC_SetPriority</STRONG> (Thumb, 110 bytes, Stack size 8 bytes, drv.o(.text))
<BR><BR>[Stack]<UL><LI>Max Depth = 8<LI>Call Chain = NVIC_SetPriority
</UL>
<BR>[Called By]<UL><LI><a href="#[45]">&gt;&gt;</a>&nbsp;&nbsp;&nbsp;SYSTICK_INIT
</UL>

<P><STRONG><a name="[6a]"></a>SetSysClock</STRONG> (Thumb, 118 bytes, Stack size 0 bytes, system_stm32f0xx.o(.text))
<BR><BR>[Called By]<UL><LI><a href="#[23]">&gt;&gt;</a>&nbsp;&nbsp;&nbsp;SystemInit
</UL>

<P><STRONG><a name="[116]"></a>TI4_Config</STRONG> (Thumb, 66 bytes, Stack size 24 bytes, stm32f0xx_tim.o(.text), UNUSED)
<BR><BR>[Called By]<UL><LI><a href="#[10f]">&gt;&gt;</a>&nbsp;&nbsp;&nbsp;TIM_ICInit
</UL>

<P><STRONG><a name="[114]"></a>TI3_Config</STRONG> (Thumb, 66 bytes, Stack size 24 bytes, stm32f0xx_tim.o(.text), UNUSED)
<BR><BR>[Called By]<UL><LI><a href="#[10f]">&gt;&gt;</a>&nbsp;&nbsp;&nbsp;TIM_ICInit
</UL>

<P><STRONG><a name="[112]"></a>TI2_Config</STRONG> (Thumb, 122 bytes, Stack size 24 bytes, stm32f0xx_tim.o(.text), UNUSED)
<BR><BR>[Called By]<UL><LI><a href="#[11b]">&gt;&gt;</a>&nbsp;&nbsp;&nbsp;TIM_TIxExternalClockConfig
<LI><a href="#[118]">&gt;&gt;</a>&nbsp;&nbsp;&nbsp;TIM_PWMIConfig
<LI><a href="#[10f]">&gt;&gt;</a>&nbsp;&nbsp;&nbsp;TIM_ICInit
</UL>

<P><STRONG><a name="[110]"></a>TI1_Config</STRONG> (Thumb, 54 bytes, Stack size 20 bytes, stm32f0xx_tim.o(.text), UNUSED)
<BR><BR>[Called By]<UL><LI><a href="#[11b]">&gt;&gt;</a>&nbsp;&nbsp;&nbsp;TIM_TIxExternalClockConfig
<LI><a href="#[118]">&gt;&gt;</a>&nbsp;&nbsp;&nbsp;TIM_PWMIConfig
<LI><a href="#[10f]">&gt;&gt;</a>&nbsp;&nbsp;&nbsp;TIM_ICInit
</UL>
<P>
<H3>
Undefined Global Symbols
</H3>
<P><STRONG><a name="[14c]"></a>_call_atexit_fns</STRONG> (ARM, 0 bytes, Stack size 0 bytes, UNDEFINED)
<BR><BR>[Called By]<UL><LI><a href="#[30]">&gt;&gt;</a>&nbsp;&nbsp;&nbsp;exit
</UL>
<HR></body></html>
